#! /usr/bin/vvp
:ivl_version "11.0 (stable)";
:ivl_delay_selection "TYPICAL";
:vpi_time_precision + 0;
:vpi_module "/usr/lib/x86_64-linux-gnu/ivl/system.vpi";
:vpi_module "/usr/lib/x86_64-linux-gnu/ivl/vhdl_sys.vpi";
:vpi_module "/usr/lib/x86_64-linux-gnu/ivl/vhdl_textio.vpi";
:vpi_module "/usr/lib/x86_64-linux-gnu/ivl/v2005_math.vpi";
:vpi_module "/usr/lib/x86_64-linux-gnu/ivl/va_math.vpi";
S_0x5bd2f39d0bb0 .scope module, "cpu" "cpu" 2 1;
 .timescale 0 0;
    .port_info 0 /INPUT 1 "rst";
    .port_info 1 /INPUT 1 "clk";
    .port_info 2 /INPUT 32 "mem_rdata";
    .port_info 3 /OUTPUT 32 "mem_addr";
    .port_info 4 /OUTPUT 32 "mem_wdata";
    .port_info 5 /OUTPUT 1 "mem_rstrb";
    .port_info 6 /OUTPUT 32 "cycle";
    .port_info 7 /OUTPUT 4 "mem_wstrb";
P_0x5bd2f3935810 .param/l "BYTE" 0 2 38, +C4<00000000000000000000000000000101>;
P_0x5bd2f3935850 .param/l "DECODE" 0 2 38, +C4<00000000000000000000000000000011>;
P_0x5bd2f3935890 .param/l "EXECUTE" 0 2 38, +C4<00000000000000000000000000000100>;
P_0x5bd2f39358d0 .param/l "FETCH" 0 2 38, +C4<00000000000000000000000000000010>;
P_0x5bd2f3935910 .param/l "HLT" 0 2 38, +C4<00000000000000000000000000000111>;
P_0x5bd2f3935950 .param/l "RESET" 0 2 38, +C4<00000000000000000000000000000000>;
P_0x5bd2f3935990 .param/l "WAIT" 0 2 38, +C4<00000000000000000000000000000001>;
P_0x5bd2f39359d0 .param/l "WAIT_LOADING" 0 2 38, +C4<00000000000000000000000000000110>;
L_0x5bd2f39d0390 .functor OR 1, L_0x5bd2f3a11990, L_0x5bd2f3a118a0, C4<0>, C4<0>;
L_0x5bd2f3994040 .functor OR 1, L_0x5bd2f39d0390, L_0x5bd2f3a11db0, C4<0>, C4<0>;
L_0x5bd2f397c6a0 .functor OR 1, L_0x5bd2f3994040, L_0x5bd2f3a12220, C4<0>, C4<0>;
L_0x5bd2f395ab60 .functor OR 1, L_0x5bd2f397c6a0, L_0x5bd2f3a12450, C4<0>, C4<0>;
L_0x5bd2f3a12900 .functor OR 1, L_0x5bd2f395ab60, L_0x5bd2f3a12590, C4<0>, C4<0>;
L_0x5bd2f3a12c30 .functor AND 1, L_0x5bd2f3a12900, L_0x5bd2f3a12af0, C4<1>, C4<1>;
L_0x5bd2f3a12fb0 .functor AND 1, L_0x5bd2f3a12000, L_0x5bd2f3a12e70, C4<1>, C4<1>;
L_0x5bd2f3a13070 .functor OR 1, L_0x5bd2f3a12c30, L_0x5bd2f3a12fb0, C4<0>, C4<0>;
L_0x5bd2f3a13220 .functor OR 1, L_0x5bd2f3a11990, L_0x5bd2f3a118a0, C4<0>, C4<0>;
L_0x5bd2f3a13290 .functor OR 1, L_0x5bd2f3a11db0, L_0x5bd2f3a12220, C4<0>, C4<0>;
L_0x5bd2f3a14160 .functor OR 1, L_0x5bd2f3a118a0, L_0x5bd2f3a11bd0, C4<0>, C4<0>;
L_0x5bd2f3a141d0 .functor OR 1, L_0x5bd2f3a11990, L_0x5bd2f3a12000, C4<0>, C4<0>;
L_0x5bd2f3a143c0 .functor OR 1, L_0x5bd2f3a141d0, L_0x5bd2f3a12220, C4<0>, C4<0>;
L_0x5bd2f3a23df0 .functor OR 1, L_0x5bd2f3a11f60, L_0x5bd2f3a12000, C4<0>, C4<0>;
L_0x5bd2f3a23f80 .functor OR 1, L_0x5bd2f3a24040, L_0x5bd2f3a242f0, C4<0>, C4<0>;
L_0x5bd2f3a14350 .functor AND 1, L_0x5bd2f3a23df0, L_0x5bd2f3a23f80, C4<1>, C4<1>;
v0x5bd2f39f94e0_0 .net *"_ivl_0", 0 0, L_0x5bd2f39d0390;  1 drivers
v0x5bd2f39f95e0_0 .net *"_ivl_10", 31 0, L_0x5bd2f3a129c0;  1 drivers
L_0x7fc07ce4f408 .functor BUFT 1, C4<0000000000000000000000000000>, C4<0>, C4<0>, C4<0>;
v0x5bd2f39f96c0_0 .net *"_ivl_13", 27 0, L_0x7fc07ce4f408;  1 drivers
L_0x7fc07ce4f450 .functor BUFT 1, C4<00000000000000000000000000000100>, C4<0>, C4<0>, C4<0>;
v0x5bd2f39f9780_0 .net/2u *"_ivl_14", 31 0, L_0x7fc07ce4f450;  1 drivers
v0x5bd2f39f9860_0 .net *"_ivl_16", 0 0, L_0x5bd2f3a12af0;  1 drivers
v0x5bd2f39f9920_0 .net *"_ivl_18", 0 0, L_0x5bd2f3a12c30;  1 drivers
v0x5bd2f39f9a00_0 .net *"_ivl_2", 0 0, L_0x5bd2f3994040;  1 drivers
v0x5bd2f39f9ae0_0 .net *"_ivl_20", 31 0, L_0x5bd2f3a12d80;  1 drivers
L_0x7fc07ce4f498 .functor BUFT 1, C4<0000000000000000000000000000>, C4<0>, C4<0>, C4<0>;
v0x5bd2f39f9bc0_0 .net *"_ivl_23", 27 0, L_0x7fc07ce4f498;  1 drivers
L_0x7fc07ce4f4e0 .functor BUFT 1, C4<00000000000000000000000000000110>, C4<0>, C4<0>, C4<0>;
v0x5bd2f39f9ca0_0 .net/2u *"_ivl_24", 31 0, L_0x7fc07ce4f4e0;  1 drivers
v0x5bd2f39f9d80_0 .net *"_ivl_26", 0 0, L_0x5bd2f3a12e70;  1 drivers
v0x5bd2f39f9e40_0 .net *"_ivl_28", 0 0, L_0x5bd2f3a12fb0;  1 drivers
v0x5bd2f39f9f20_0 .net *"_ivl_32", 0 0, L_0x5bd2f3a13220;  1 drivers
v0x5bd2f39fa000_0 .net *"_ivl_34", 0 0, L_0x5bd2f3a13290;  1 drivers
L_0x7fc07ce4f528 .functor BUFT 1, C4<00000000000000000000000000000000>, C4<0>, C4<0>, C4<0>;
v0x5bd2f39fa0e0_0 .net/2u *"_ivl_36", 31 0, L_0x7fc07ce4f528;  1 drivers
v0x5bd2f39fa1c0_0 .net *"_ivl_38", 31 0, L_0x5bd2f3a13580;  1 drivers
v0x5bd2f39fa2a0_0 .net *"_ivl_4", 0 0, L_0x5bd2f397c6a0;  1 drivers
v0x5bd2f39fa490_0 .net *"_ivl_40", 31 0, L_0x5bd2f3a13620;  1 drivers
v0x5bd2f39fa570_0 .net *"_ivl_42", 31 0, L_0x5bd2f3a13700;  1 drivers
v0x5bd2f39fa650_0 .net *"_ivl_44", 31 0, L_0x5bd2f3a13830;  1 drivers
v0x5bd2f39fa730_0 .net *"_ivl_48", 0 0, L_0x5bd2f3a14160;  1 drivers
v0x5bd2f39fa810_0 .net *"_ivl_50", 0 0, L_0x5bd2f3a141d0;  1 drivers
v0x5bd2f39fa8f0_0 .net *"_ivl_52", 0 0, L_0x5bd2f3a143c0;  1 drivers
v0x5bd2f39fa9d0_0 .net *"_ivl_54", 31 0, L_0x5bd2f3a14480;  1 drivers
v0x5bd2f39faab0_0 .net *"_ivl_58", 0 0, L_0x5bd2f3a23df0;  1 drivers
v0x5bd2f39fab90_0 .net *"_ivl_6", 0 0, L_0x5bd2f395ab60;  1 drivers
v0x5bd2f39fac70_0 .net *"_ivl_60", 31 0, L_0x5bd2f3a23ee0;  1 drivers
L_0x7fc07ce502f0 .functor BUFT 1, C4<0000000000000000000000000000>, C4<0>, C4<0>, C4<0>;
v0x5bd2f39fad50_0 .net *"_ivl_63", 27 0, L_0x7fc07ce502f0;  1 drivers
L_0x7fc07ce50338 .functor BUFT 1, C4<00000000000000000000000000000101>, C4<0>, C4<0>, C4<0>;
v0x5bd2f39fae30_0 .net/2u *"_ivl_64", 31 0, L_0x7fc07ce50338;  1 drivers
v0x5bd2f39faf10_0 .net *"_ivl_66", 0 0, L_0x5bd2f3a24040;  1 drivers
v0x5bd2f39fafd0_0 .net *"_ivl_68", 31 0, L_0x5bd2f3a24180;  1 drivers
L_0x7fc07ce50380 .functor BUFT 1, C4<0000000000000000000000000000>, C4<0>, C4<0>, C4<0>;
v0x5bd2f39fb0b0_0 .net *"_ivl_71", 27 0, L_0x7fc07ce50380;  1 drivers
L_0x7fc07ce503c8 .functor BUFT 1, C4<00000000000000000000000000000110>, C4<0>, C4<0>, C4<0>;
v0x5bd2f39fb190_0 .net/2u *"_ivl_72", 31 0, L_0x7fc07ce503c8;  1 drivers
v0x5bd2f39fb270_0 .net *"_ivl_74", 0 0, L_0x5bd2f3a242f0;  1 drivers
v0x5bd2f39fb330_0 .net *"_ivl_76", 0 0, L_0x5bd2f3a23f80;  1 drivers
v0x5bd2f39fb410_0 .net *"_ivl_78", 0 0, L_0x5bd2f3a14350;  1 drivers
v0x5bd2f39fb4f0_0 .net *"_ivl_8", 0 0, L_0x5bd2f3a12900;  1 drivers
v0x5bd2f39fb5d0_0 .net "alu_in2", 31 0, L_0x5bd2f3a14580;  1 drivers
v0x5bd2f39fb690_0 .net "alu_result", 31 0, L_0x5bd2f3a1cad0;  1 drivers
o0x7fc07ce99a28 .functor BUFZ 1, C4<z>; HiZ drive
v0x5bd2f39fb730_0 .net "clk", 0 0, o0x7fc07ce99a28;  0 drivers
v0x5bd2f39fb7d0_0 .var "cycle", 31 0;
v0x5bd2f39fb8b0_0 .var "data_rs1_reg", 31 0;
v0x5bd2f39fb9a0_0 .var "data_rs2_reg", 31 0;
v0x5bd2f39fba70_0 .net "funct3", 2 0, L_0x5bd2f3a0f060;  1 drivers
v0x5bd2f39fbb10_0 .net "funct7", 6 0, L_0x5bd2f3a0f220;  1 drivers
v0x5bd2f39fbbd0_0 .net "imm_B", 31 0, L_0x5bd2f3a0ffd0;  1 drivers
v0x5bd2f39fbce0_0 .net "imm_I", 31 0, L_0x5bd2f3a0f7b0;  1 drivers
v0x5bd2f39fbda0_0 .net "imm_J", 31 0, L_0x5bd2f3a11250;  1 drivers
v0x5bd2f39fbe90_0 .net "imm_S", 31 0, L_0x5bd2f3a106e0;  1 drivers
v0x5bd2f39fbf50_0 .net "imm_U", 31 0, L_0x5bd2f3a11610;  1 drivers
v0x5bd2f39fc040_0 .var "instr_reg", 31 0;
v0x5bd2f39fc100_0 .net "isAUIPC", 0 0, L_0x5bd2f3a12590;  1 drivers
v0x5bd2f39fc1a0_0 .net "isBtype", 0 0, L_0x5bd2f3a11bd0;  1 drivers
v0x5bd2f39fc290_0 .net "isItype", 0 0, L_0x5bd2f3a11990;  1 drivers
v0x5bd2f39fc380_0 .net "isJAL", 0 0, L_0x5bd2f3a11db0;  1 drivers
v0x5bd2f39fc420_0 .net "isJALR", 0 0, L_0x5bd2f3a12220;  1 drivers
v0x5bd2f39fc4c0_0 .net "isLUI", 0 0, L_0x5bd2f3a12450;  1 drivers
v0x5bd2f39fc560_0 .net "isLtype", 0 0, L_0x5bd2f3a12000;  1 drivers
v0x5bd2f39fc600_0 .net "isRtype", 0 0, L_0x5bd2f3a118a0;  1 drivers
v0x5bd2f39fc6a0_0 .net "isStype", 0 0, L_0x5bd2f3a11f60;  1 drivers
v0x5bd2f39fc7d0_0 .net "isSystype", 0 0, L_0x5bd2f3a11cc0;  1 drivers
v0x5bd2f39fc870_0 .net "lsu_addr", 31 0, L_0x5bd2f3a215c0;  1 drivers
v0x5bd2f39fc910_0 .net "lsu_wb_data", 31 0, L_0x5bd2f3a1f300;  1 drivers
v0x5bd2f39fc9b0_0 .net "mem_addr", 31 0, L_0x5bd2f3a24600;  1 drivers
o0x7fc07ce9b9a8 .functor BUFZ 32, C4<zzzzzzzzzzzzzzzzzzzzzzzzzzzzzzzz>; HiZ drive
v0x5bd2f39fca50_0 .net "mem_rdata", 31 0, o0x7fc07ce9b9a8;  0 drivers
v0x5bd2f39fcf00_0 .net "mem_rstrb", 0 0, L_0x5bd2f3a21df0;  1 drivers
v0x5bd2f39fcfd0_0 .net "mem_wdata", 31 0, L_0x5bd2f3a22cd0;  1 drivers
v0x5bd2f39fd0a0_0 .net "mem_wstrb", 3 0, L_0x5bd2f3a20ad0;  1 drivers
v0x5bd2f39fd170_0 .net "opcode", 4 0, L_0x5bd2f3a0ee80;  1 drivers
v0x5bd2f39fd240_0 .net "pc", 31 0, v0x5bd2f39f7a80_0;  1 drivers
v0x5bd2f39fd310_0 .net "pc_plus_4", 31 0, L_0x5bd2f3a0e6d0;  1 drivers
v0x5bd2f39fd3e0_0 .net "pc_plus_imm", 31 0, L_0x5bd2f3a0ea00;  1 drivers
v0x5bd2f39fd4b0_0 .net "rd", 4 0, L_0x5bd2f3a0efc0;  1 drivers
v0x5bd2f39fd550_0 .net "rf_rs1_data", 31 0, L_0x5bd2f3a13d20;  1 drivers
v0x5bd2f39fd5f0_0 .net "rf_rs2_data", 31 0, L_0x5bd2f3a14050;  1 drivers
v0x5bd2f39fd6c0_0 .net "rs1_addr", 4 0, L_0x5bd2f3a0f2f0;  1 drivers
v0x5bd2f39fd7b0_0 .net "rs2_addr", 4 0, L_0x5bd2f3a0f390;  1 drivers
o0x7fc07ce99ab8 .functor BUFZ 1, C4<z>; HiZ drive
v0x5bd2f39fd8c0_0 .net "rst", 0 0, o0x7fc07ce99ab8;  0 drivers
v0x5bd2f39fd960_0 .net "state", 3 0, v0x5bd2f39ecfe0_0;  1 drivers
v0x5bd2f39fda20_0 .net "take_branch", 0 0, L_0x5bd2f3a17a80;  1 drivers
v0x5bd2f39fdb10_0 .net "write_reg_data", 31 0, L_0x5bd2f3a13970;  1 drivers
v0x5bd2f39fdbd0_0 .net "write_reg_en", 0 0, L_0x5bd2f3a13070;  1 drivers
L_0x5bd2f3a129c0 .concat [ 4 28 0 0], v0x5bd2f39ecfe0_0, L_0x7fc07ce4f408;
L_0x5bd2f3a12af0 .cmp/eq 32, L_0x5bd2f3a129c0, L_0x7fc07ce4f450;
L_0x5bd2f3a12d80 .concat [ 4 28 0 0], v0x5bd2f39ecfe0_0, L_0x7fc07ce4f498;
L_0x5bd2f3a12e70 .cmp/eq 32, L_0x5bd2f3a12d80, L_0x7fc07ce4f4e0;
L_0x5bd2f3a13580 .functor MUXZ 32, L_0x7fc07ce4f528, L_0x5bd2f3a0ea00, L_0x5bd2f3a12590, C4<>;
L_0x5bd2f3a13620 .functor MUXZ 32, L_0x5bd2f3a13580, L_0x5bd2f3a11610, L_0x5bd2f3a12450, C4<>;
L_0x5bd2f3a13700 .functor MUXZ 32, L_0x5bd2f3a13620, L_0x5bd2f3a0e6d0, L_0x5bd2f3a13290, C4<>;
L_0x5bd2f3a13830 .functor MUXZ 32, L_0x5bd2f3a13700, L_0x5bd2f3a1f300, L_0x5bd2f3a12000, C4<>;
L_0x5bd2f3a13970 .functor MUXZ 32, L_0x5bd2f3a13830, L_0x5bd2f3a1cad0, L_0x5bd2f3a13220, C4<>;
L_0x5bd2f3a14480 .functor MUXZ 32, L_0x5bd2f3a106e0, L_0x5bd2f3a0f7b0, L_0x5bd2f3a143c0, C4<>;
L_0x5bd2f3a14580 .functor MUXZ 32, L_0x5bd2f3a14480, v0x5bd2f39fb9a0_0, L_0x5bd2f3a14160, C4<>;
L_0x5bd2f3a23ee0 .concat [ 4 28 0 0], v0x5bd2f39ecfe0_0, L_0x7fc07ce502f0;
L_0x5bd2f3a24040 .cmp/eq 32, L_0x5bd2f3a23ee0, L_0x7fc07ce50338;
L_0x5bd2f3a24180 .concat [ 4 28 0 0], v0x5bd2f39ecfe0_0, L_0x7fc07ce50380;
L_0x5bd2f3a242f0 .cmp/eq 32, L_0x5bd2f3a24180, L_0x7fc07ce503c8;
L_0x5bd2f3a24600 .functor MUXZ 32, v0x5bd2f39f7a80_0, L_0x5bd2f3a215c0, L_0x5bd2f3a14350, C4<>;
S_0x5bd2f3992ea0 .scope module, "alu_inst" "alu" 2 116, 3 1 0, S_0x5bd2f39d0bb0;
 .timescale 0 0;
    .port_info 0 /INPUT 32 "alu_in1";
    .port_info 1 /INPUT 32 "alu_in2";
    .port_info 2 /INPUT 3 "funct3";
    .port_info 3 /INPUT 7 "funct7";
    .port_info 4 /INPUT 1 "isRtype";
    .port_info 5 /INPUT 1 "isItype";
    .port_info 6 /INPUT 1 "isStype";
    .port_info 7 /INPUT 1 "isLtype";
    .port_info 8 /INPUT 1 "isJALR";
    .port_info 9 /OUTPUT 32 "alu_result";
    .port_info 10 /OUTPUT 1 "take_branch";
L_0x5bd2f3a14800 .functor XOR 32, v0x5bd2f39fb8b0_0, L_0x5bd2f3a14580, C4<00000000000000000000000000000000>, C4<00000000000000000000000000000000>;
L_0x5bd2f3a148c0 .functor OR 32, v0x5bd2f39fb8b0_0, L_0x5bd2f3a14580, C4<00000000000000000000000000000000>, C4<00000000000000000000000000000000>;
L_0x5bd2f3a149c0 .functor AND 32, v0x5bd2f39fb8b0_0, L_0x5bd2f3a14580, C4<11111111111111111111111111111111>, C4<11111111111111111111111111111111>;
L_0x5bd2f3a14ad0 .functor NOT 32, L_0x5bd2f3a14580, C4<00000000000000000000000000000000>, C4<00000000000000000000000000000000>, C4<00000000000000000000000000000000>;
L_0x5bd2f3a15870 .functor XOR 1, L_0x5bd2f3a15be0, L_0x5bd2f3a15d10, C4<0>, C4<0>;
L_0x5bd2f3a14cd0 .functor AND 1, L_0x5bd2f3a164c0, L_0x5bd2f3a15980, C4<1>, C4<1>;
L_0x5bd2f3a16800 .functor AND 1, L_0x5bd2f3a16710, L_0x5bd2f3a163d0, C4<1>, C4<1>;
L_0x5bd2f3a16910 .functor OR 1, L_0x5bd2f3a14cd0, L_0x5bd2f3a16800, C4<0>, C4<0>;
L_0x5bd2f3a16c40 .functor AND 1, L_0x5bd2f3a16a70, L_0x5bd2f3a15af0, C4<1>, C4<1>;
L_0x5bd2f3a16d50 .functor OR 1, L_0x5bd2f3a16910, L_0x5bd2f3a16c40, C4<0>, C4<0>;
L_0x5bd2f3a17070 .functor AND 1, L_0x5bd2f3a16ec0, L_0x5bd2f3a16030, C4<1>, C4<1>;
L_0x5bd2f3a17130 .functor OR 1, L_0x5bd2f3a16d50, L_0x5bd2f3a17070, C4<0>, C4<0>;
L_0x5bd2f3a17490 .functor AND 1, L_0x5bd2f3a172b0, L_0x5bd2f3a16270, C4<1>, C4<1>;
L_0x5bd2f3a175a0 .functor OR 1, L_0x5bd2f3a17130, L_0x5bd2f3a17490, C4<0>, C4<0>;
L_0x5bd2f3a17240 .functor AND 1, L_0x5bd2f3a17940, L_0x5bd2f3a15ef0, C4<1>, C4<1>;
L_0x5bd2f3a17a80 .functor OR 1, L_0x5bd2f3a175a0, L_0x5bd2f3a17240, C4<0>, C4<0>;
L_0x5bd2f3a17dc0 .functor AND 1, L_0x5bd2f3a17bd0, L_0x5bd2f3a118a0, C4<1>, C4<1>;
L_0x5bd2f3a17f20 .functor NOT 1, L_0x5bd2f3a17e80, C4<0>, C4<0>, C4<0>;
L_0x5bd2f3a18030 .functor AND 1, L_0x5bd2f3a17dc0, L_0x5bd2f3a17f20, C4<1>, C4<1>;
L_0x5bd2f3a18340 .functor AND 1, L_0x5bd2f3a18140, L_0x5bd2f3a11990, C4<1>, C4<1>;
L_0x5bd2f3a18610 .functor OR 1, L_0x5bd2f3a11f60, L_0x5bd2f3a12000, C4<0>, C4<0>;
L_0x5bd2f3a18680 .functor NOT 1, L_0x5bd2f3a18610, C4<0>, C4<0>, C4<0>;
L_0x5bd2f3a18800 .functor AND 1, L_0x5bd2f3a17f90, L_0x5bd2f3a18680, C4<1>, C4<1>;
L_0x5bd2f3a18ad0 .functor AND 1, L_0x5bd2f3a18800, L_0x5bd2f3a18910, C4<1>, C4<1>;
L_0x5bd2f3a194a0 .functor OR 1, L_0x5bd2f3a11f60, L_0x5bd2f3a12000, C4<0>, C4<0>;
L_0x5bd2f3a19750 .functor AND 1, L_0x5bd2f3a193b0, L_0x5bd2f3a19510, C4<1>, C4<1>;
L_0x5bd2f3a1a030 .functor AND 1, L_0x5bd2f3a19d00, L_0x5bd2f3a19f90, C4<1>, C4<1>;
L_0x5bd2f3a1a480 .functor NOT 1, L_0x5bd2f3a1a3e0, C4<0>, C4<0>, C4<0>;
L_0x5bd2f3a1a660 .functor AND 1, L_0x5bd2f3a1a170, L_0x5bd2f3a1a480, C4<1>, C4<1>;
L_0x5bd2f3a1aa90 .functor AND 1, L_0x5bd2f3a1a770, L_0x5bd2f3a1a9f0, C4<1>, C4<1>;
L_0x5bd2f3a1acd0 .functor OR 1, L_0x5bd2f3a11f60, L_0x5bd2f3a12000, C4<0>, C4<0>;
L_0x5bd2f3a1ad40 .functor OR 1, L_0x5bd2f3a1acd0, L_0x5bd2f3a12220, C4<0>, C4<0>;
v0x5bd2f3966830_0 .net "ADD", 31 0, L_0x5bd2f3a14760;  1 drivers
v0x5bd2f39d16d0_0 .net "AND", 31 0, L_0x5bd2f3a149c0;  1 drivers
v0x5bd2f39cf570_0 .net "EQUAL", 0 0, L_0x5bd2f3a15980;  1 drivers
v0x5bd2f39cfc40_0 .net "GREATER_THAN", 0 0, L_0x5bd2f3a16270;  1 drivers
v0x5bd2f39d0530_0 .net "GREATER_THAN_U", 0 0, L_0x5bd2f3a163d0;  1 drivers
v0x5bd2f3994160_0 .net "LESS_THAN", 0 0, L_0x5bd2f3a16030;  1 drivers
v0x5bd2f397c7c0_0 .net "LESS_THAN_U", 0 0, L_0x5bd2f3a15ef0;  1 drivers
v0x5bd2f39e5480_0 .net "NEQUAL", 0 0, L_0x5bd2f3a15af0;  1 drivers
v0x5bd2f39e5540_0 .net "OR", 31 0, L_0x5bd2f3a148c0;  1 drivers
v0x5bd2f39e5620_0 .net "SLL", 31 0, L_0x5bd2f3a154d0;  1 drivers
v0x5bd2f39e5700_0 .net "SRA", 31 0, L_0x5bd2f3a157d0;  1 drivers
v0x5bd2f39e57e0_0 .net "SRL", 31 0, L_0x5bd2f3a15620;  1 drivers
v0x5bd2f39e58c0_0 .net "SUB", 32 0, L_0x5bd2f3a14de0;  1 drivers
v0x5bd2f39e59a0_0 .net "XOR", 31 0, L_0x5bd2f3a14800;  1 drivers
v0x5bd2f39e5a80_0 .net *"_ivl_10", 32 0, L_0x5bd2f3a14a30;  1 drivers
v0x5bd2f39e5b60_0 .net *"_ivl_100", 0 0, L_0x5bd2f3a172b0;  1 drivers
v0x5bd2f39e5c20_0 .net *"_ivl_102", 0 0, L_0x5bd2f3a17490;  1 drivers
v0x5bd2f39e5e10_0 .net *"_ivl_104", 0 0, L_0x5bd2f3a175a0;  1 drivers
L_0x7fc07ce4f918 .functor BUFT 1, C4<110>, C4<0>, C4<0>, C4<0>;
v0x5bd2f39e5ef0_0 .net/2u *"_ivl_106", 2 0, L_0x7fc07ce4f918;  1 drivers
v0x5bd2f39e5fd0_0 .net *"_ivl_108", 0 0, L_0x5bd2f3a17940;  1 drivers
v0x5bd2f39e6090_0 .net *"_ivl_110", 0 0, L_0x5bd2f3a17240;  1 drivers
L_0x7fc07ce4f960 .functor BUFT 1, C4<000>, C4<0>, C4<0>, C4<0>;
v0x5bd2f39e6170_0 .net/2u *"_ivl_114", 2 0, L_0x7fc07ce4f960;  1 drivers
v0x5bd2f39e6250_0 .net *"_ivl_116", 0 0, L_0x5bd2f3a17bd0;  1 drivers
v0x5bd2f39e6310_0 .net *"_ivl_118", 0 0, L_0x5bd2f3a17dc0;  1 drivers
L_0x7fc07ce4f648 .functor BUFT 1, C4<1>, C4<0>, C4<0>, C4<0>;
v0x5bd2f39e63f0_0 .net/2u *"_ivl_12", 0 0, L_0x7fc07ce4f648;  1 drivers
v0x5bd2f39e64d0_0 .net *"_ivl_121", 0 0, L_0x5bd2f3a17e80;  1 drivers
v0x5bd2f39e65b0_0 .net *"_ivl_122", 0 0, L_0x5bd2f3a17f20;  1 drivers
v0x5bd2f39e6690_0 .net *"_ivl_124", 0 0, L_0x5bd2f3a18030;  1 drivers
L_0x7fc07ce4f9a8 .functor BUFT 1, C4<000>, C4<0>, C4<0>, C4<0>;
v0x5bd2f39e6770_0 .net/2u *"_ivl_126", 2 0, L_0x7fc07ce4f9a8;  1 drivers
v0x5bd2f39e6850_0 .net *"_ivl_128", 0 0, L_0x5bd2f3a18140;  1 drivers
v0x5bd2f39e6910_0 .net *"_ivl_130", 0 0, L_0x5bd2f3a18340;  1 drivers
L_0x7fc07ce4f9f0 .functor BUFT 1, C4<000>, C4<0>, C4<0>, C4<0>;
v0x5bd2f39e69f0_0 .net/2u *"_ivl_132", 2 0, L_0x7fc07ce4f9f0;  1 drivers
v0x5bd2f39e6ad0_0 .net *"_ivl_134", 0 0, L_0x5bd2f3a17f90;  1 drivers
v0x5bd2f39e6da0_0 .net *"_ivl_136", 0 0, L_0x5bd2f3a18610;  1 drivers
v0x5bd2f39e6e80_0 .net *"_ivl_138", 0 0, L_0x5bd2f3a18680;  1 drivers
v0x5bd2f39e6f60_0 .net *"_ivl_14", 31 0, L_0x5bd2f3a14ad0;  1 drivers
v0x5bd2f39e7040_0 .net *"_ivl_140", 0 0, L_0x5bd2f3a18800;  1 drivers
v0x5bd2f39e7120_0 .net *"_ivl_143", 0 0, L_0x5bd2f3a18910;  1 drivers
v0x5bd2f39e7200_0 .net *"_ivl_144", 0 0, L_0x5bd2f3a18ad0;  1 drivers
v0x5bd2f39e72e0_0 .net *"_ivl_147", 31 0, L_0x5bd2f3a18cb0;  1 drivers
L_0x7fc07ce4fa38 .functor BUFT 1, C4<100>, C4<0>, C4<0>, C4<0>;
v0x5bd2f39e73c0_0 .net/2u *"_ivl_148", 2 0, L_0x7fc07ce4fa38;  1 drivers
v0x5bd2f39e74a0_0 .net *"_ivl_150", 0 0, L_0x5bd2f3a18d50;  1 drivers
L_0x7fc07ce4fa80 .functor BUFT 1, C4<110>, C4<0>, C4<0>, C4<0>;
v0x5bd2f39e7560_0 .net/2u *"_ivl_152", 2 0, L_0x7fc07ce4fa80;  1 drivers
v0x5bd2f39e7640_0 .net *"_ivl_154", 0 0, L_0x5bd2f3a189b0;  1 drivers
L_0x7fc07ce4fac8 .functor BUFT 1, C4<111>, C4<0>, C4<0>, C4<0>;
v0x5bd2f39e7700_0 .net/2u *"_ivl_156", 2 0, L_0x7fc07ce4fac8;  1 drivers
v0x5bd2f39e77e0_0 .net *"_ivl_158", 0 0, L_0x5bd2f3a18f70;  1 drivers
v0x5bd2f39e78a0_0 .net *"_ivl_16", 32 0, L_0x5bd2f3a14b40;  1 drivers
L_0x7fc07ce4fb10 .functor BUFT 1, C4<010>, C4<0>, C4<0>, C4<0>;
v0x5bd2f39e7980_0 .net/2u *"_ivl_160", 2 0, L_0x7fc07ce4fb10;  1 drivers
v0x5bd2f39e7a60_0 .net *"_ivl_162", 0 0, L_0x5bd2f3a193b0;  1 drivers
v0x5bd2f39e7b20_0 .net *"_ivl_164", 0 0, L_0x5bd2f3a194a0;  1 drivers
v0x5bd2f39e7c00_0 .net *"_ivl_167", 0 0, L_0x5bd2f3a19510;  1 drivers
v0x5bd2f39e7cc0_0 .net *"_ivl_168", 0 0, L_0x5bd2f3a19750;  1 drivers
L_0x7fc07ce4fb58 .functor BUFT 1, C4<0000000000000000000000000000000>, C4<0>, C4<0>, C4<0>;
v0x5bd2f39e7da0_0 .net/2u *"_ivl_170", 30 0, L_0x7fc07ce4fb58;  1 drivers
v0x5bd2f39e7e80_0 .net *"_ivl_172", 31 0, L_0x5bd2f3a19940;  1 drivers
L_0x7fc07ce4fba0 .functor BUFT 1, C4<011>, C4<0>, C4<0>, C4<0>;
v0x5bd2f39e7f60_0 .net/2u *"_ivl_174", 2 0, L_0x7fc07ce4fba0;  1 drivers
v0x5bd2f39e8040_0 .net *"_ivl_176", 0 0, L_0x5bd2f3a199e0;  1 drivers
L_0x7fc07ce4fbe8 .functor BUFT 1, C4<0000000000000000000000000000000>, C4<0>, C4<0>, C4<0>;
v0x5bd2f39e8100_0 .net/2u *"_ivl_178", 30 0, L_0x7fc07ce4fbe8;  1 drivers
v0x5bd2f39e81e0_0 .net *"_ivl_18", 32 0, L_0x5bd2f3a14c30;  1 drivers
v0x5bd2f39e82c0_0 .net *"_ivl_180", 31 0, L_0x5bd2f3a19c30;  1 drivers
L_0x7fc07ce4fc30 .functor BUFT 1, C4<001>, C4<0>, C4<0>, C4<0>;
v0x5bd2f39e83a0_0 .net/2u *"_ivl_182", 2 0, L_0x7fc07ce4fc30;  1 drivers
v0x5bd2f39e8480_0 .net *"_ivl_184", 0 0, L_0x5bd2f3a19d00;  1 drivers
v0x5bd2f39e8540_0 .net *"_ivl_187", 0 0, L_0x5bd2f3a19f90;  1 drivers
v0x5bd2f39e8600_0 .net *"_ivl_188", 0 0, L_0x5bd2f3a1a030;  1 drivers
L_0x7fc07ce4fc78 .functor BUFT 1, C4<101>, C4<0>, C4<0>, C4<0>;
v0x5bd2f39e86e0_0 .net/2u *"_ivl_190", 2 0, L_0x7fc07ce4fc78;  1 drivers
v0x5bd2f39e87c0_0 .net *"_ivl_192", 0 0, L_0x5bd2f3a1a170;  1 drivers
v0x5bd2f39e8c90_0 .net *"_ivl_195", 0 0, L_0x5bd2f3a1a3e0;  1 drivers
v0x5bd2f39e8d70_0 .net *"_ivl_196", 0 0, L_0x5bd2f3a1a480;  1 drivers
v0x5bd2f39e8e50_0 .net *"_ivl_198", 0 0, L_0x5bd2f3a1a660;  1 drivers
L_0x7fc07ce4f690 .functor BUFT 1, C4<000000000000000000000000000000001>, C4<0>, C4<0>, C4<0>;
v0x5bd2f39e8f30_0 .net/2u *"_ivl_20", 32 0, L_0x7fc07ce4f690;  1 drivers
L_0x7fc07ce4fcc0 .functor BUFT 1, C4<101>, C4<0>, C4<0>, C4<0>;
v0x5bd2f39e9010_0 .net/2u *"_ivl_200", 2 0, L_0x7fc07ce4fcc0;  1 drivers
v0x5bd2f39e90f0_0 .net *"_ivl_202", 0 0, L_0x5bd2f3a1a770;  1 drivers
v0x5bd2f39e91b0_0 .net *"_ivl_205", 0 0, L_0x5bd2f3a1a9f0;  1 drivers
v0x5bd2f39e9290_0 .net *"_ivl_206", 0 0, L_0x5bd2f3a1aa90;  1 drivers
v0x5bd2f39e9370_0 .net *"_ivl_208", 0 0, L_0x5bd2f3a1acd0;  1 drivers
v0x5bd2f39e9450_0 .net *"_ivl_210", 0 0, L_0x5bd2f3a1ad40;  1 drivers
L_0x7fc07ce4fd08 .functor BUFT 1, C4<00000000000000000000000000000000>, C4<0>, C4<0>, C4<0>;
v0x5bd2f39e9530_0 .net/2u *"_ivl_212", 31 0, L_0x7fc07ce4fd08;  1 drivers
v0x5bd2f39e9610_0 .net *"_ivl_214", 31 0, L_0x5bd2f3a1af10;  1 drivers
v0x5bd2f39e96f0_0 .net *"_ivl_216", 31 0, L_0x5bd2f3a1b270;  1 drivers
v0x5bd2f39e97d0_0 .net *"_ivl_218", 31 0, L_0x5bd2f3a1b400;  1 drivers
v0x5bd2f39e98b0_0 .net *"_ivl_220", 31 0, L_0x5bd2f3a1b740;  1 drivers
v0x5bd2f39e9990_0 .net *"_ivl_222", 31 0, L_0x5bd2f3a1b8d0;  1 drivers
v0x5bd2f39e9a70_0 .net *"_ivl_224", 31 0, L_0x5bd2f3a1bc20;  1 drivers
v0x5bd2f39e9b50_0 .net *"_ivl_226", 31 0, L_0x5bd2f3a1bdb0;  1 drivers
v0x5bd2f39e9c30_0 .net *"_ivl_228", 31 0, L_0x5bd2f3a1c110;  1 drivers
v0x5bd2f39e9d10_0 .net *"_ivl_230", 31 0, L_0x5bd2f3a1c2a0;  1 drivers
v0x5bd2f39e9df0_0 .net *"_ivl_232", 31 0, L_0x5bd2f3a1c610;  1 drivers
v0x5bd2f39e9ed0_0 .net *"_ivl_234", 31 0, L_0x5bd2f3a1c7a0;  1 drivers
L_0x7fc07ce4f6d8 .functor BUFT 1, C4<000000000000000000000000000>, C4<0>, C4<0>, C4<0>;
v0x5bd2f39e9fb0_0 .net/2u *"_ivl_24", 26 0, L_0x7fc07ce4f6d8;  1 drivers
v0x5bd2f39ea090_0 .net *"_ivl_27", 4 0, L_0x5bd2f3a14f20;  1 drivers
v0x5bd2f39ea170_0 .net *"_ivl_28", 31 0, L_0x5bd2f3a15110;  1 drivers
L_0x7fc07ce4f720 .functor BUFT 1, C4<00000000000000000000000000000000>, C4<0>, C4<0>, C4<0>;
v0x5bd2f39ea250_0 .net/2u *"_ivl_30", 31 0, L_0x7fc07ce4f720;  1 drivers
v0x5bd2f39ea330_0 .net *"_ivl_32", 31 0, L_0x5bd2f3a15250;  1 drivers
v0x5bd2f39ea410_0 .net *"_ivl_43", 31 0, L_0x5bd2f3a158e0;  1 drivers
L_0x7fc07ce4f768 .functor BUFT 1, C4<00000000000000000000000000000000>, C4<0>, C4<0>, C4<0>;
v0x5bd2f39ea4f0_0 .net/2u *"_ivl_44", 31 0, L_0x7fc07ce4f768;  1 drivers
v0x5bd2f39ea5d0_0 .net *"_ivl_51", 0 0, L_0x5bd2f3a15be0;  1 drivers
v0x5bd2f39ea6b0_0 .net *"_ivl_53", 0 0, L_0x5bd2f3a15d10;  1 drivers
v0x5bd2f39ea790_0 .net *"_ivl_54", 0 0, L_0x5bd2f3a15870;  1 drivers
v0x5bd2f39ea870_0 .net *"_ivl_57", 0 0, L_0x5bd2f3a15e50;  1 drivers
v0x5bd2f39ea950_0 .net *"_ivl_59", 0 0, L_0x5bd2f3a15f90;  1 drivers
L_0x7fc07ce4f7b0 .functor BUFT 1, C4<000>, C4<0>, C4<0>, C4<0>;
v0x5bd2f39eaa30_0 .net/2u *"_ivl_68", 2 0, L_0x7fc07ce4f7b0;  1 drivers
v0x5bd2f39eab10_0 .net *"_ivl_70", 0 0, L_0x5bd2f3a164c0;  1 drivers
v0x5bd2f39eabd0_0 .net *"_ivl_72", 0 0, L_0x5bd2f3a14cd0;  1 drivers
L_0x7fc07ce4f7f8 .functor BUFT 1, C4<111>, C4<0>, C4<0>, C4<0>;
v0x5bd2f39eacb0_0 .net/2u *"_ivl_74", 2 0, L_0x7fc07ce4f7f8;  1 drivers
v0x5bd2f39ead90_0 .net *"_ivl_76", 0 0, L_0x5bd2f3a16710;  1 drivers
v0x5bd2f39eae50_0 .net *"_ivl_78", 0 0, L_0x5bd2f3a16800;  1 drivers
L_0x7fc07ce4f600 .functor BUFT 1, C4<0>, C4<0>, C4<0>, C4<0>;
v0x5bd2f39eaf30_0 .net/2u *"_ivl_8", 0 0, L_0x7fc07ce4f600;  1 drivers
v0x5bd2f39eb010_0 .net *"_ivl_80", 0 0, L_0x5bd2f3a16910;  1 drivers
L_0x7fc07ce4f840 .functor BUFT 1, C4<001>, C4<0>, C4<0>, C4<0>;
v0x5bd2f39eb0f0_0 .net/2u *"_ivl_82", 2 0, L_0x7fc07ce4f840;  1 drivers
v0x5bd2f39eb1d0_0 .net *"_ivl_84", 0 0, L_0x5bd2f3a16a70;  1 drivers
v0x5bd2f39eb290_0 .net *"_ivl_86", 0 0, L_0x5bd2f3a16c40;  1 drivers
v0x5bd2f39eb370_0 .net *"_ivl_88", 0 0, L_0x5bd2f3a16d50;  1 drivers
L_0x7fc07ce4f888 .functor BUFT 1, C4<100>, C4<0>, C4<0>, C4<0>;
v0x5bd2f39eb450_0 .net/2u *"_ivl_90", 2 0, L_0x7fc07ce4f888;  1 drivers
v0x5bd2f39eb530_0 .net *"_ivl_92", 0 0, L_0x5bd2f3a16ec0;  1 drivers
v0x5bd2f39eb5f0_0 .net *"_ivl_94", 0 0, L_0x5bd2f3a17070;  1 drivers
v0x5bd2f39eb6d0_0 .net *"_ivl_96", 0 0, L_0x5bd2f3a17130;  1 drivers
L_0x7fc07ce4f8d0 .functor BUFT 1, C4<101>, C4<0>, C4<0>, C4<0>;
v0x5bd2f39eb7b0_0 .net/2u *"_ivl_98", 2 0, L_0x7fc07ce4f8d0;  1 drivers
v0x5bd2f39eb890_0 .net "alu_in1", 31 0, v0x5bd2f39fb8b0_0;  1 drivers
v0x5bd2f39eb970_0 .net "alu_in2", 31 0, L_0x5bd2f3a14580;  alias, 1 drivers
v0x5bd2f39eba50_0 .net "alu_result", 31 0, L_0x5bd2f3a1cad0;  alias, 1 drivers
v0x5bd2f39ebb30_0 .net "funct3", 2 0, L_0x5bd2f3a0f060;  alias, 1 drivers
v0x5bd2f39ebc10_0 .net "funct7", 6 0, L_0x5bd2f3a0f220;  alias, 1 drivers
v0x5bd2f39ebcf0_0 .net "isItype", 0 0, L_0x5bd2f3a11990;  alias, 1 drivers
v0x5bd2f39ebdb0_0 .net "isJALR", 0 0, L_0x5bd2f3a12220;  alias, 1 drivers
v0x5bd2f39ebe70_0 .net "isLtype", 0 0, L_0x5bd2f3a12000;  alias, 1 drivers
v0x5bd2f39ebf30_0 .net "isRtype", 0 0, L_0x5bd2f3a118a0;  alias, 1 drivers
v0x5bd2f39ebff0_0 .net "isStype", 0 0, L_0x5bd2f3a11f60;  alias, 1 drivers
v0x5bd2f39ec0b0_0 .net "shift_data_2", 31 0, L_0x5bd2f3a153e0;  1 drivers
v0x5bd2f39ec190_0 .net "take_branch", 0 0, L_0x5bd2f3a17a80;  alias, 1 drivers
L_0x5bd2f3a14760 .arith/sum 32, v0x5bd2f39fb8b0_0, L_0x5bd2f3a14580;
L_0x5bd2f3a14a30 .concat [ 32 1 0 0], v0x5bd2f39fb8b0_0, L_0x7fc07ce4f600;
L_0x5bd2f3a14b40 .concat [ 32 1 0 0], L_0x5bd2f3a14ad0, L_0x7fc07ce4f648;
L_0x5bd2f3a14c30 .arith/sum 33, L_0x5bd2f3a14a30, L_0x5bd2f3a14b40;
L_0x5bd2f3a14de0 .arith/sum 33, L_0x5bd2f3a14c30, L_0x7fc07ce4f690;
L_0x5bd2f3a14f20 .part L_0x5bd2f3a14580, 0, 5;
L_0x5bd2f3a15110 .concat [ 5 27 0 0], L_0x5bd2f3a14f20, L_0x7fc07ce4f6d8;
L_0x5bd2f3a15250 .functor MUXZ 32, L_0x7fc07ce4f720, L_0x5bd2f3a15110, L_0x5bd2f3a11990, C4<>;
L_0x5bd2f3a153e0 .functor MUXZ 32, L_0x5bd2f3a15250, L_0x5bd2f3a14580, L_0x5bd2f3a118a0, C4<>;
L_0x5bd2f3a154d0 .shift/l 32, v0x5bd2f39fb8b0_0, L_0x5bd2f3a153e0;
L_0x5bd2f3a15620 .shift/r 32, v0x5bd2f39fb8b0_0, L_0x5bd2f3a153e0;
L_0x5bd2f3a157d0 .shift/rs 32, v0x5bd2f39fb8b0_0, L_0x5bd2f3a153e0;
L_0x5bd2f3a158e0 .part L_0x5bd2f3a14de0, 0, 32;
L_0x5bd2f3a15980 .cmp/eq 32, L_0x5bd2f3a158e0, L_0x7fc07ce4f768;
L_0x5bd2f3a15af0 .reduce/nor L_0x5bd2f3a15980;
L_0x5bd2f3a15be0 .part v0x5bd2f39fb8b0_0, 31, 1;
L_0x5bd2f3a15d10 .part L_0x5bd2f3a14580, 31, 1;
L_0x5bd2f3a15e50 .part v0x5bd2f39fb8b0_0, 31, 1;
L_0x5bd2f3a15f90 .part L_0x5bd2f3a14de0, 32, 1;
L_0x5bd2f3a16030 .functor MUXZ 1, L_0x5bd2f3a15f90, L_0x5bd2f3a15e50, L_0x5bd2f3a15870, C4<>;
L_0x5bd2f3a15ef0 .part L_0x5bd2f3a14de0, 32, 1;
L_0x5bd2f3a16270 .reduce/nor L_0x5bd2f3a16030;
L_0x5bd2f3a163d0 .reduce/nor L_0x5bd2f3a15ef0;
L_0x5bd2f3a164c0 .cmp/eq 3, L_0x5bd2f3a0f060, L_0x7fc07ce4f7b0;
L_0x5bd2f3a16710 .cmp/eq 3, L_0x5bd2f3a0f060, L_0x7fc07ce4f7f8;
L_0x5bd2f3a16a70 .cmp/eq 3, L_0x5bd2f3a0f060, L_0x7fc07ce4f840;
L_0x5bd2f3a16ec0 .cmp/eq 3, L_0x5bd2f3a0f060, L_0x7fc07ce4f888;
L_0x5bd2f3a172b0 .cmp/eq 3, L_0x5bd2f3a0f060, L_0x7fc07ce4f8d0;
L_0x5bd2f3a17940 .cmp/eq 3, L_0x5bd2f3a0f060, L_0x7fc07ce4f918;
L_0x5bd2f3a17bd0 .cmp/eq 3, L_0x5bd2f3a0f060, L_0x7fc07ce4f960;
L_0x5bd2f3a17e80 .part L_0x5bd2f3a0f220, 5, 1;
L_0x5bd2f3a18140 .cmp/eq 3, L_0x5bd2f3a0f060, L_0x7fc07ce4f9a8;
L_0x5bd2f3a17f90 .cmp/eq 3, L_0x5bd2f3a0f060, L_0x7fc07ce4f9f0;
L_0x5bd2f3a18910 .part L_0x5bd2f3a0f220, 5, 1;
L_0x5bd2f3a18cb0 .part L_0x5bd2f3a14de0, 0, 32;
L_0x5bd2f3a18d50 .cmp/eq 3, L_0x5bd2f3a0f060, L_0x7fc07ce4fa38;
L_0x5bd2f3a189b0 .cmp/eq 3, L_0x5bd2f3a0f060, L_0x7fc07ce4fa80;
L_0x5bd2f3a18f70 .cmp/eq 3, L_0x5bd2f3a0f060, L_0x7fc07ce4fac8;
L_0x5bd2f3a193b0 .cmp/eq 3, L_0x5bd2f3a0f060, L_0x7fc07ce4fb10;
L_0x5bd2f3a19510 .reduce/nor L_0x5bd2f3a194a0;
L_0x5bd2f3a19940 .concat [ 1 31 0 0], L_0x5bd2f3a16030, L_0x7fc07ce4fb58;
L_0x5bd2f3a199e0 .cmp/eq 3, L_0x5bd2f3a0f060, L_0x7fc07ce4fba0;
L_0x5bd2f3a19c30 .concat [ 1 31 0 0], L_0x5bd2f3a15ef0, L_0x7fc07ce4fbe8;
L_0x5bd2f3a19d00 .cmp/eq 3, L_0x5bd2f3a0f060, L_0x7fc07ce4fc30;
L_0x5bd2f3a19f90 .reduce/nor L_0x5bd2f3a11f60;
L_0x5bd2f3a1a170 .cmp/eq 3, L_0x5bd2f3a0f060, L_0x7fc07ce4fc78;
L_0x5bd2f3a1a3e0 .part L_0x5bd2f3a0f220, 5, 1;
L_0x5bd2f3a1a770 .cmp/eq 3, L_0x5bd2f3a0f060, L_0x7fc07ce4fcc0;
L_0x5bd2f3a1a9f0 .part L_0x5bd2f3a0f220, 5, 1;
L_0x5bd2f3a1af10 .functor MUXZ 32, L_0x7fc07ce4fd08, L_0x5bd2f3a14760, L_0x5bd2f3a1ad40, C4<>;
L_0x5bd2f3a1b270 .functor MUXZ 32, L_0x5bd2f3a1af10, L_0x5bd2f3a157d0, L_0x5bd2f3a1aa90, C4<>;
L_0x5bd2f3a1b400 .functor MUXZ 32, L_0x5bd2f3a1b270, L_0x5bd2f3a15620, L_0x5bd2f3a1a660, C4<>;
L_0x5bd2f3a1b740 .functor MUXZ 32, L_0x5bd2f3a1b400, L_0x5bd2f3a154d0, L_0x5bd2f3a1a030, C4<>;
L_0x5bd2f3a1b8d0 .functor MUXZ 32, L_0x5bd2f3a1b740, L_0x5bd2f3a19c30, L_0x5bd2f3a199e0, C4<>;
L_0x5bd2f3a1bc20 .functor MUXZ 32, L_0x5bd2f3a1b8d0, L_0x5bd2f3a19940, L_0x5bd2f3a19750, C4<>;
L_0x5bd2f3a1bdb0 .functor MUXZ 32, L_0x5bd2f3a1bc20, L_0x5bd2f3a149c0, L_0x5bd2f3a18f70, C4<>;
L_0x5bd2f3a1c110 .functor MUXZ 32, L_0x5bd2f3a1bdb0, L_0x5bd2f3a148c0, L_0x5bd2f3a189b0, C4<>;
L_0x5bd2f3a1c2a0 .functor MUXZ 32, L_0x5bd2f3a1c110, L_0x5bd2f3a14800, L_0x5bd2f3a18d50, C4<>;
L_0x5bd2f3a1c610 .functor MUXZ 32, L_0x5bd2f3a1c2a0, L_0x5bd2f3a18cb0, L_0x5bd2f3a18ad0, C4<>;
L_0x5bd2f3a1c7a0 .functor MUXZ 32, L_0x5bd2f3a1c610, L_0x5bd2f3a14760, L_0x5bd2f3a18340, C4<>;
L_0x5bd2f3a1cad0 .functor MUXZ 32, L_0x5bd2f3a1c7a0, L_0x5bd2f3a14760, L_0x5bd2f3a18030, C4<>;
S_0x5bd2f39ec410 .scope module, "ctrl_unit" "control" 2 43, 4 1 0, S_0x5bd2f39d0bb0;
 .timescale 0 0;
    .port_info 0 /INPUT 1 "clk";
    .port_info 1 /INPUT 1 "rst";
    .port_info 2 /INPUT 1 "isSystype";
    .port_info 3 /INPUT 1 "isStype";
    .port_info 4 /INPUT 1 "isLtype";
    .port_info 5 /INPUT 1 "isJAL";
    .port_info 6 /INPUT 1 "isJALR";
    .port_info 7 /OUTPUT 4 "state";
P_0x5bd2f39e6b70 .param/l "BYTE" 0 4 12, +C4<00000000000000000000000000000101>;
P_0x5bd2f39e6bb0 .param/l "DECODE" 0 4 12, +C4<00000000000000000000000000000011>;
P_0x5bd2f39e6bf0 .param/l "EXECUTE" 0 4 12, +C4<00000000000000000000000000000100>;
P_0x5bd2f39e6c30 .param/l "FETCH" 0 4 12, +C4<00000000000000000000000000000010>;
P_0x5bd2f39e6c70 .param/l "HLT" 0 4 12, +C4<00000000000000000000000000000111>;
P_0x5bd2f39e6cb0 .param/l "RESET" 0 4 12, +C4<00000000000000000000000000000000>;
P_0x5bd2f39e6cf0 .param/l "WAIT" 0 4 12, +C4<00000000000000000000000000000001>;
P_0x5bd2f39e6d30 .param/l "WAIT_LOADING" 0 4 12, +C4<00000000000000000000000000000110>;
v0x5bd2f39eca40_0 .net "clk", 0 0, o0x7fc07ce99a28;  alias, 0 drivers
v0x5bd2f39ecb20_0 .net "isJAL", 0 0, L_0x5bd2f3a11db0;  alias, 1 drivers
v0x5bd2f39ecbe0_0 .net "isJALR", 0 0, L_0x5bd2f3a12220;  alias, 1 drivers
v0x5bd2f39ecce0_0 .net "isLtype", 0 0, L_0x5bd2f3a12000;  alias, 1 drivers
v0x5bd2f39ecdb0_0 .net "isStype", 0 0, L_0x5bd2f3a11f60;  alias, 1 drivers
v0x5bd2f39ecea0_0 .net "isSystype", 0 0, L_0x5bd2f3a11cc0;  alias, 1 drivers
v0x5bd2f39ecf40_0 .net "rst", 0 0, o0x7fc07ce99ab8;  alias, 0 drivers
v0x5bd2f39ecfe0_0 .var "state", 3 0;
E_0x5bd2f392b410 .event posedge, v0x5bd2f39eca40_0;
S_0x5bd2f39ed1d0 .scope module, "dec" "decoder" 2 71, 5 1 0, S_0x5bd2f39d0bb0;
 .timescale 0 0;
    .port_info 0 /INPUT 32 "instr";
    .port_info 1 /OUTPUT 5 "opcode";
    .port_info 2 /OUTPUT 5 "rd";
    .port_info 3 /OUTPUT 5 "rs1_addr";
    .port_info 4 /OUTPUT 5 "rs2_addr";
    .port_info 5 /OUTPUT 3 "funct3";
    .port_info 6 /OUTPUT 7 "funct7";
    .port_info 7 /OUTPUT 32 "imm_I";
    .port_info 8 /OUTPUT 32 "imm_B";
    .port_info 9 /OUTPUT 32 "imm_S";
    .port_info 10 /OUTPUT 32 "imm_J";
    .port_info 11 /OUTPUT 32 "imm_U";
    .port_info 12 /OUTPUT 1 "isRtype";
    .port_info 13 /OUTPUT 1 "isItype";
    .port_info 14 /OUTPUT 1 "isBtype";
    .port_info 15 /OUTPUT 1 "isSystype";
    .port_info 16 /OUTPUT 1 "isStype";
    .port_info 17 /OUTPUT 1 "isLtype";
    .port_info 18 /OUTPUT 1 "isJAL";
    .port_info 19 /OUTPUT 1 "isJALR";
    .port_info 20 /OUTPUT 1 "isLUI";
    .port_info 21 /OUTPUT 1 "isAUIPC";
L_0x7fc07ce4f3c0 .functor BUFT 1, C4<00101>, C4<0>, C4<0>, C4<0>;
v0x5bd2f39ed5b0_0 .net/2u *"_ivl_102", 4 0, L_0x7fc07ce4f3c0;  1 drivers
v0x5bd2f39ed690_0 .net *"_ivl_13", 0 0, L_0x5bd2f3a0f470;  1 drivers
v0x5bd2f39ed770_0 .net *"_ivl_14", 20 0, L_0x5bd2f3a0f510;  1 drivers
v0x5bd2f39ed860_0 .net *"_ivl_17", 10 0, L_0x5bd2f3a0f710;  1 drivers
v0x5bd2f39ed940_0 .net *"_ivl_21", 0 0, L_0x5bd2f3a0f900;  1 drivers
v0x5bd2f39eda70_0 .net *"_ivl_22", 19 0, L_0x5bd2f3a0f9a0;  1 drivers
v0x5bd2f39edb50_0 .net *"_ivl_25", 0 0, L_0x5bd2f3a0fd70;  1 drivers
v0x5bd2f39edc30_0 .net *"_ivl_27", 5 0, L_0x5bd2f3a0fe10;  1 drivers
v0x5bd2f39edd10_0 .net *"_ivl_29", 3 0, L_0x5bd2f3a0ff30;  1 drivers
L_0x7fc07ce4f060 .functor BUFT 1, C4<0>, C4<0>, C4<0>, C4<0>;
v0x5bd2f39eddf0_0 .net/2u *"_ivl_30", 0 0, L_0x7fc07ce4f060;  1 drivers
v0x5bd2f39eded0_0 .net *"_ivl_35", 0 0, L_0x5bd2f3a101f0;  1 drivers
v0x5bd2f39edfb0_0 .net *"_ivl_36", 20 0, L_0x5bd2f3a10290;  1 drivers
v0x5bd2f39ee090_0 .net *"_ivl_39", 5 0, L_0x5bd2f3a10780;  1 drivers
v0x5bd2f39ee170_0 .net *"_ivl_41", 4 0, L_0x5bd2f3a10820;  1 drivers
v0x5bd2f39ee250_0 .net *"_ivl_45", 0 0, L_0x5bd2f3a10c70;  1 drivers
v0x5bd2f39ee330_0 .net *"_ivl_46", 11 0, L_0x5bd2f3a10dd0;  1 drivers
v0x5bd2f39ee410_0 .net *"_ivl_49", 7 0, L_0x5bd2f3a10ec0;  1 drivers
v0x5bd2f39ee4f0_0 .net *"_ivl_51", 0 0, L_0x5bd2f3a11030;  1 drivers
v0x5bd2f39ee5d0_0 .net *"_ivl_53", 9 0, L_0x5bd2f3a110d0;  1 drivers
L_0x7fc07ce4f0a8 .functor BUFT 1, C4<0>, C4<0>, C4<0>, C4<0>;
v0x5bd2f39ee6b0_0 .net/2u *"_ivl_54", 0 0, L_0x7fc07ce4f0a8;  1 drivers
v0x5bd2f39ee790_0 .net *"_ivl_59", 0 0, L_0x5bd2f3a113e0;  1 drivers
v0x5bd2f39ee870_0 .net *"_ivl_61", 18 0, L_0x5bd2f3a11570;  1 drivers
L_0x7fc07ce4f0f0 .functor BUFT 1, C4<000000000000>, C4<0>, C4<0>, C4<0>;
v0x5bd2f39ee950_0 .net/2u *"_ivl_62", 11 0, L_0x7fc07ce4f0f0;  1 drivers
L_0x7fc07ce4f138 .functor BUFT 1, C4<01100>, C4<0>, C4<0>, C4<0>;
v0x5bd2f39eea30_0 .net/2u *"_ivl_66", 4 0, L_0x7fc07ce4f138;  1 drivers
L_0x7fc07ce4f180 .functor BUFT 1, C4<00100>, C4<0>, C4<0>, C4<0>;
v0x5bd2f39eeb10_0 .net/2u *"_ivl_70", 4 0, L_0x7fc07ce4f180;  1 drivers
L_0x7fc07ce4f1c8 .functor BUFT 1, C4<11000>, C4<0>, C4<0>, C4<0>;
v0x5bd2f39eebf0_0 .net/2u *"_ivl_74", 4 0, L_0x7fc07ce4f1c8;  1 drivers
L_0x7fc07ce4f210 .functor BUFT 1, C4<11100>, C4<0>, C4<0>, C4<0>;
v0x5bd2f39eecd0_0 .net/2u *"_ivl_78", 4 0, L_0x7fc07ce4f210;  1 drivers
L_0x7fc07ce4f258 .functor BUFT 1, C4<01000>, C4<0>, C4<0>, C4<0>;
v0x5bd2f39eedb0_0 .net/2u *"_ivl_82", 4 0, L_0x7fc07ce4f258;  1 drivers
L_0x7fc07ce4f2a0 .functor BUFT 1, C4<00000>, C4<0>, C4<0>, C4<0>;
v0x5bd2f39eee90_0 .net/2u *"_ivl_86", 4 0, L_0x7fc07ce4f2a0;  1 drivers
L_0x7fc07ce4f2e8 .functor BUFT 1, C4<11011>, C4<0>, C4<0>, C4<0>;
v0x5bd2f39eef70_0 .net/2u *"_ivl_90", 4 0, L_0x7fc07ce4f2e8;  1 drivers
L_0x7fc07ce4f330 .functor BUFT 1, C4<11001>, C4<0>, C4<0>, C4<0>;
v0x5bd2f39ef050_0 .net/2u *"_ivl_94", 4 0, L_0x7fc07ce4f330;  1 drivers
L_0x7fc07ce4f378 .functor BUFT 1, C4<01101>, C4<0>, C4<0>, C4<0>;
v0x5bd2f39ef130_0 .net/2u *"_ivl_98", 4 0, L_0x7fc07ce4f378;  1 drivers
v0x5bd2f39ef210_0 .net "funct3", 2 0, L_0x5bd2f3a0f060;  alias, 1 drivers
v0x5bd2f39ef4e0_0 .net "funct7", 6 0, L_0x5bd2f3a0f220;  alias, 1 drivers
v0x5bd2f39ef5b0_0 .net "imm_B", 31 0, L_0x5bd2f3a0ffd0;  alias, 1 drivers
v0x5bd2f39ef670_0 .net "imm_I", 31 0, L_0x5bd2f3a0f7b0;  alias, 1 drivers
v0x5bd2f39ef750_0 .net "imm_J", 31 0, L_0x5bd2f3a11250;  alias, 1 drivers
v0x5bd2f39ef830_0 .net "imm_S", 31 0, L_0x5bd2f3a106e0;  alias, 1 drivers
v0x5bd2f39ef910_0 .net "imm_U", 31 0, L_0x5bd2f3a11610;  alias, 1 drivers
v0x5bd2f39ef9f0_0 .net "instr", 31 0, v0x5bd2f39fc040_0;  1 drivers
v0x5bd2f39efad0_0 .net "isAUIPC", 0 0, L_0x5bd2f3a12590;  alias, 1 drivers
v0x5bd2f39efb90_0 .net "isBtype", 0 0, L_0x5bd2f3a11bd0;  alias, 1 drivers
v0x5bd2f39efc50_0 .net "isItype", 0 0, L_0x5bd2f3a11990;  alias, 1 drivers
v0x5bd2f39efd20_0 .net "isJAL", 0 0, L_0x5bd2f3a11db0;  alias, 1 drivers
v0x5bd2f39efdf0_0 .net "isJALR", 0 0, L_0x5bd2f3a12220;  alias, 1 drivers
v0x5bd2f39efe90_0 .net "isLUI", 0 0, L_0x5bd2f3a12450;  alias, 1 drivers
v0x5bd2f39eff30_0 .net "isLtype", 0 0, L_0x5bd2f3a12000;  alias, 1 drivers
v0x5bd2f39f0020_0 .net "isRtype", 0 0, L_0x5bd2f3a118a0;  alias, 1 drivers
v0x5bd2f39f00c0_0 .net "isStype", 0 0, L_0x5bd2f3a11f60;  alias, 1 drivers
v0x5bd2f39f01b0_0 .net "isSystype", 0 0, L_0x5bd2f3a11cc0;  alias, 1 drivers
v0x5bd2f39f0250_0 .net "opcode", 4 0, L_0x5bd2f3a0ee80;  alias, 1 drivers
v0x5bd2f39f02f0_0 .net "rd", 4 0, L_0x5bd2f3a0efc0;  alias, 1 drivers
v0x5bd2f39f03b0_0 .net "rs1_addr", 4 0, L_0x5bd2f3a0f2f0;  alias, 1 drivers
v0x5bd2f39f0490_0 .net "rs2_addr", 4 0, L_0x5bd2f3a0f390;  alias, 1 drivers
L_0x5bd2f3a0ee80 .part v0x5bd2f39fc040_0, 2, 5;
L_0x5bd2f3a0efc0 .part v0x5bd2f39fc040_0, 7, 5;
L_0x5bd2f3a0f060 .part v0x5bd2f39fc040_0, 12, 3;
L_0x5bd2f3a0f220 .part v0x5bd2f39fc040_0, 25, 7;
L_0x5bd2f3a0f2f0 .part v0x5bd2f39fc040_0, 15, 5;
L_0x5bd2f3a0f390 .part v0x5bd2f39fc040_0, 20, 5;
L_0x5bd2f3a0f470 .part v0x5bd2f39fc040_0, 31, 1;
LS_0x5bd2f3a0f510_0_0 .concat [ 1 1 1 1], L_0x5bd2f3a0f470, L_0x5bd2f3a0f470, L_0x5bd2f3a0f470, L_0x5bd2f3a0f470;
LS_0x5bd2f3a0f510_0_4 .concat [ 1 1 1 1], L_0x5bd2f3a0f470, L_0x5bd2f3a0f470, L_0x5bd2f3a0f470, L_0x5bd2f3a0f470;
LS_0x5bd2f3a0f510_0_8 .concat [ 1 1 1 1], L_0x5bd2f3a0f470, L_0x5bd2f3a0f470, L_0x5bd2f3a0f470, L_0x5bd2f3a0f470;
LS_0x5bd2f3a0f510_0_12 .concat [ 1 1 1 1], L_0x5bd2f3a0f470, L_0x5bd2f3a0f470, L_0x5bd2f3a0f470, L_0x5bd2f3a0f470;
LS_0x5bd2f3a0f510_0_16 .concat [ 1 1 1 1], L_0x5bd2f3a0f470, L_0x5bd2f3a0f470, L_0x5bd2f3a0f470, L_0x5bd2f3a0f470;
LS_0x5bd2f3a0f510_0_20 .concat [ 1 0 0 0], L_0x5bd2f3a0f470;
LS_0x5bd2f3a0f510_1_0 .concat [ 4 4 4 4], LS_0x5bd2f3a0f510_0_0, LS_0x5bd2f3a0f510_0_4, LS_0x5bd2f3a0f510_0_8, LS_0x5bd2f3a0f510_0_12;
LS_0x5bd2f3a0f510_1_4 .concat [ 4 1 0 0], LS_0x5bd2f3a0f510_0_16, LS_0x5bd2f3a0f510_0_20;
L_0x5bd2f3a0f510 .concat [ 16 5 0 0], LS_0x5bd2f3a0f510_1_0, LS_0x5bd2f3a0f510_1_4;
L_0x5bd2f3a0f710 .part v0x5bd2f39fc040_0, 20, 11;
L_0x5bd2f3a0f7b0 .concat [ 11 21 0 0], L_0x5bd2f3a0f710, L_0x5bd2f3a0f510;
L_0x5bd2f3a0f900 .part v0x5bd2f39fc040_0, 31, 1;
LS_0x5bd2f3a0f9a0_0_0 .concat [ 1 1 1 1], L_0x5bd2f3a0f900, L_0x5bd2f3a0f900, L_0x5bd2f3a0f900, L_0x5bd2f3a0f900;
LS_0x5bd2f3a0f9a0_0_4 .concat [ 1 1 1 1], L_0x5bd2f3a0f900, L_0x5bd2f3a0f900, L_0x5bd2f3a0f900, L_0x5bd2f3a0f900;
LS_0x5bd2f3a0f9a0_0_8 .concat [ 1 1 1 1], L_0x5bd2f3a0f900, L_0x5bd2f3a0f900, L_0x5bd2f3a0f900, L_0x5bd2f3a0f900;
LS_0x5bd2f3a0f9a0_0_12 .concat [ 1 1 1 1], L_0x5bd2f3a0f900, L_0x5bd2f3a0f900, L_0x5bd2f3a0f900, L_0x5bd2f3a0f900;
LS_0x5bd2f3a0f9a0_0_16 .concat [ 1 1 1 1], L_0x5bd2f3a0f900, L_0x5bd2f3a0f900, L_0x5bd2f3a0f900, L_0x5bd2f3a0f900;
LS_0x5bd2f3a0f9a0_1_0 .concat [ 4 4 4 4], LS_0x5bd2f3a0f9a0_0_0, LS_0x5bd2f3a0f9a0_0_4, LS_0x5bd2f3a0f9a0_0_8, LS_0x5bd2f3a0f9a0_0_12;
LS_0x5bd2f3a0f9a0_1_4 .concat [ 4 0 0 0], LS_0x5bd2f3a0f9a0_0_16;
L_0x5bd2f3a0f9a0 .concat [ 16 4 0 0], LS_0x5bd2f3a0f9a0_1_0, LS_0x5bd2f3a0f9a0_1_4;
L_0x5bd2f3a0fd70 .part v0x5bd2f39fc040_0, 7, 1;
L_0x5bd2f3a0fe10 .part v0x5bd2f39fc040_0, 25, 6;
L_0x5bd2f3a0ff30 .part v0x5bd2f39fc040_0, 8, 4;
LS_0x5bd2f3a0ffd0_0_0 .concat [ 1 4 6 1], L_0x7fc07ce4f060, L_0x5bd2f3a0ff30, L_0x5bd2f3a0fe10, L_0x5bd2f3a0fd70;
LS_0x5bd2f3a0ffd0_0_4 .concat [ 20 0 0 0], L_0x5bd2f3a0f9a0;
L_0x5bd2f3a0ffd0 .concat [ 12 20 0 0], LS_0x5bd2f3a0ffd0_0_0, LS_0x5bd2f3a0ffd0_0_4;
L_0x5bd2f3a101f0 .part v0x5bd2f39fc040_0, 31, 1;
LS_0x5bd2f3a10290_0_0 .concat [ 1 1 1 1], L_0x5bd2f3a101f0, L_0x5bd2f3a101f0, L_0x5bd2f3a101f0, L_0x5bd2f3a101f0;
LS_0x5bd2f3a10290_0_4 .concat [ 1 1 1 1], L_0x5bd2f3a101f0, L_0x5bd2f3a101f0, L_0x5bd2f3a101f0, L_0x5bd2f3a101f0;
LS_0x5bd2f3a10290_0_8 .concat [ 1 1 1 1], L_0x5bd2f3a101f0, L_0x5bd2f3a101f0, L_0x5bd2f3a101f0, L_0x5bd2f3a101f0;
LS_0x5bd2f3a10290_0_12 .concat [ 1 1 1 1], L_0x5bd2f3a101f0, L_0x5bd2f3a101f0, L_0x5bd2f3a101f0, L_0x5bd2f3a101f0;
LS_0x5bd2f3a10290_0_16 .concat [ 1 1 1 1], L_0x5bd2f3a101f0, L_0x5bd2f3a101f0, L_0x5bd2f3a101f0, L_0x5bd2f3a101f0;
LS_0x5bd2f3a10290_0_20 .concat [ 1 0 0 0], L_0x5bd2f3a101f0;
LS_0x5bd2f3a10290_1_0 .concat [ 4 4 4 4], LS_0x5bd2f3a10290_0_0, LS_0x5bd2f3a10290_0_4, LS_0x5bd2f3a10290_0_8, LS_0x5bd2f3a10290_0_12;
LS_0x5bd2f3a10290_1_4 .concat [ 4 1 0 0], LS_0x5bd2f3a10290_0_16, LS_0x5bd2f3a10290_0_20;
L_0x5bd2f3a10290 .concat [ 16 5 0 0], LS_0x5bd2f3a10290_1_0, LS_0x5bd2f3a10290_1_4;
L_0x5bd2f3a10780 .part v0x5bd2f39fc040_0, 25, 6;
L_0x5bd2f3a10820 .part v0x5bd2f39fc040_0, 7, 5;
L_0x5bd2f3a106e0 .concat [ 5 6 21 0], L_0x5bd2f3a10820, L_0x5bd2f3a10780, L_0x5bd2f3a10290;
L_0x5bd2f3a10c70 .part v0x5bd2f39fc040_0, 31, 1;
LS_0x5bd2f3a10dd0_0_0 .concat [ 1 1 1 1], L_0x5bd2f3a10c70, L_0x5bd2f3a10c70, L_0x5bd2f3a10c70, L_0x5bd2f3a10c70;
LS_0x5bd2f3a10dd0_0_4 .concat [ 1 1 1 1], L_0x5bd2f3a10c70, L_0x5bd2f3a10c70, L_0x5bd2f3a10c70, L_0x5bd2f3a10c70;
LS_0x5bd2f3a10dd0_0_8 .concat [ 1 1 1 1], L_0x5bd2f3a10c70, L_0x5bd2f3a10c70, L_0x5bd2f3a10c70, L_0x5bd2f3a10c70;
L_0x5bd2f3a10dd0 .concat [ 4 4 4 0], LS_0x5bd2f3a10dd0_0_0, LS_0x5bd2f3a10dd0_0_4, LS_0x5bd2f3a10dd0_0_8;
L_0x5bd2f3a10ec0 .part v0x5bd2f39fc040_0, 12, 8;
L_0x5bd2f3a11030 .part v0x5bd2f39fc040_0, 20, 1;
L_0x5bd2f3a110d0 .part v0x5bd2f39fc040_0, 21, 10;
LS_0x5bd2f3a11250_0_0 .concat [ 1 10 1 8], L_0x7fc07ce4f0a8, L_0x5bd2f3a110d0, L_0x5bd2f3a11030, L_0x5bd2f3a10ec0;
LS_0x5bd2f3a11250_0_4 .concat [ 12 0 0 0], L_0x5bd2f3a10dd0;
L_0x5bd2f3a11250 .concat [ 20 12 0 0], LS_0x5bd2f3a11250_0_0, LS_0x5bd2f3a11250_0_4;
L_0x5bd2f3a113e0 .part v0x5bd2f39fc040_0, 31, 1;
L_0x5bd2f3a11570 .part v0x5bd2f39fc040_0, 12, 19;
L_0x5bd2f3a11610 .concat [ 12 19 1 0], L_0x7fc07ce4f0f0, L_0x5bd2f3a11570, L_0x5bd2f3a113e0;
L_0x5bd2f3a118a0 .cmp/eq 5, L_0x5bd2f3a0ee80, L_0x7fc07ce4f138;
L_0x5bd2f3a11990 .cmp/eq 5, L_0x5bd2f3a0ee80, L_0x7fc07ce4f180;
L_0x5bd2f3a11bd0 .cmp/eq 5, L_0x5bd2f3a0ee80, L_0x7fc07ce4f1c8;
L_0x5bd2f3a11cc0 .cmp/eq 5, L_0x5bd2f3a0ee80, L_0x7fc07ce4f210;
L_0x5bd2f3a11f60 .cmp/eq 5, L_0x5bd2f3a0ee80, L_0x7fc07ce4f258;
L_0x5bd2f3a12000 .cmp/eq 5, L_0x5bd2f3a0ee80, L_0x7fc07ce4f2a0;
L_0x5bd2f3a11db0 .cmp/eq 5, L_0x5bd2f3a0ee80, L_0x7fc07ce4f2e8;
L_0x5bd2f3a12220 .cmp/eq 5, L_0x5bd2f3a0ee80, L_0x7fc07ce4f330;
L_0x5bd2f3a12450 .cmp/eq 5, L_0x5bd2f3a0ee80, L_0x7fc07ce4f378;
L_0x5bd2f3a12590 .cmp/eq 5, L_0x5bd2f3a0ee80, L_0x7fc07ce4f3c0;
S_0x5bd2f39f0830 .scope module, "lsu_inst" "lsu" 2 128, 6 1 0, S_0x5bd2f39d0bb0;
 .timescale 0 0;
    .port_info 0 /INPUT 4 "state";
    .port_info 1 /INPUT 32 "alu_result";
    .port_info 2 /INPUT 32 "rs2_data";
    .port_info 3 /INPUT 32 "mem_rdata";
    .port_info 4 /INPUT 3 "funct3";
    .port_info 5 /INPUT 1 "isStype";
    .port_info 6 /INPUT 1 "isLtype";
    .port_info 7 /OUTPUT 32 "mem_addr";
    .port_info 8 /OUTPUT 32 "mem_wdata";
    .port_info 9 /OUTPUT 4 "mem_wstrb";
    .port_info 10 /OUTPUT 32 "wb_data";
    .port_info 11 /OUTPUT 1 "mem_rstrb";
P_0x5bd2f39f0a10 .param/l "BYTE" 0 6 16, +C4<00000000000000000000000000000101>;
P_0x5bd2f39f0a50 .param/l "WAIT" 0 6 16, +C4<00000000000000000000000000000001>;
P_0x5bd2f39f0a90 .param/l "WAIT_LOADING" 0 6 16, +C4<00000000000000000000000000000110>;
L_0x5bd2f3a1d020 .functor OR 1, L_0x5bd2f3a1ccb0, L_0x5bd2f3a1cee0, C4<0>, C4<0>;
L_0x5bd2f3a1d950 .functor AND 1, L_0x5bd2f3a1e160, L_0x5bd2f3a1e3f0, C4<1>, C4<1>;
L_0x5bd2f3a20920 .functor AND 1, L_0x5bd2f3a20690, L_0x5bd2f3a11f60, C4<1>, C4<1>;
L_0x5bd2f3a20ad0 .functor AND 4, L_0x5bd2f3a209e0, L_0x5bd2f3a202e0, C4<1111>, C4<1111>;
L_0x5bd2f3a20be0 .functor OR 1, L_0x5bd2f3a11f60, L_0x5bd2f3a12000, C4<0>, C4<0>;
L_0x5bd2f3a213f0 .functor OR 1, L_0x5bd2f3a1ccb0, L_0x5bd2f3a212b0, C4<0>, C4<0>;
L_0x5bd2f3a214b0 .functor AND 1, L_0x5bd2f3a20be0, L_0x5bd2f3a213f0, C4<1>, C4<1>;
L_0x5bd2f3a21d30 .functor AND 1, L_0x5bd2f3a12000, L_0x5bd2f3a1ccb0, C4<1>, C4<1>;
L_0x5bd2f3a21df0 .functor OR 1, L_0x5bd2f3a21a70, L_0x5bd2f3a21d30, C4<0>, C4<0>;
v0x5bd2f39f0d60_0 .net "LOAD_byte", 7 0, L_0x5bd2f3a1de90;  1 drivers
v0x5bd2f39f0e60_0 .net "LOAD_halfword", 15 0, L_0x5bd2f3a1d9c0;  1 drivers
v0x5bd2f39f0f40_0 .net "LOAD_sign", 0 0, L_0x5bd2f3a1d950;  1 drivers
v0x5bd2f39f1010_0 .net "STORE_wmask", 3 0, L_0x5bd2f3a202e0;  1 drivers
v0x5bd2f39f10f0_0 .net *"_ivl_0", 31 0, L_0x5bd2f3a1cc10;  1 drivers
v0x5bd2f39f1220_0 .net *"_ivl_100", 3 0, L_0x5bd2f3a1ffd0;  1 drivers
L_0x7fc07ce500f8 .functor BUFT 1, C4<1111>, C4<0>, C4<0>, C4<0>;
v0x5bd2f39f1300_0 .net/2u *"_ivl_102", 3 0, L_0x7fc07ce500f8;  1 drivers
v0x5bd2f39f13e0_0 .net *"_ivl_104", 3 0, L_0x5bd2f3a201a0;  1 drivers
v0x5bd2f39f14c0_0 .net *"_ivl_108", 31 0, L_0x5bd2f3a205a0;  1 drivers
L_0x7fc07ce4fde0 .functor BUFT 1, C4<0000000000000000000000000000>, C4<0>, C4<0>, C4<0>;
v0x5bd2f39f15a0_0 .net *"_ivl_11", 27 0, L_0x7fc07ce4fde0;  1 drivers
L_0x7fc07ce50140 .functor BUFT 1, C4<0000000000000000000000000000>, C4<0>, C4<0>, C4<0>;
v0x5bd2f39f1680_0 .net *"_ivl_111", 27 0, L_0x7fc07ce50140;  1 drivers
L_0x7fc07ce50188 .functor BUFT 1, C4<00000000000000000000000000000110>, C4<0>, C4<0>, C4<0>;
v0x5bd2f39f1760_0 .net/2u *"_ivl_112", 31 0, L_0x7fc07ce50188;  1 drivers
v0x5bd2f39f1840_0 .net *"_ivl_114", 0 0, L_0x5bd2f3a20690;  1 drivers
v0x5bd2f39f1900_0 .net *"_ivl_116", 0 0, L_0x5bd2f3a20920;  1 drivers
v0x5bd2f39f19e0_0 .net *"_ivl_118", 3 0, L_0x5bd2f3a209e0;  1 drivers
L_0x7fc07ce4fe28 .functor BUFT 1, C4<00000000000000000000000000000110>, C4<0>, C4<0>, C4<0>;
v0x5bd2f39f1ac0_0 .net/2u *"_ivl_12", 31 0, L_0x7fc07ce4fe28;  1 drivers
v0x5bd2f39f1ba0_0 .net *"_ivl_122", 0 0, L_0x5bd2f3a20be0;  1 drivers
v0x5bd2f39f1c80_0 .net *"_ivl_124", 31 0, L_0x5bd2f3a20c50;  1 drivers
L_0x7fc07ce501d0 .functor BUFT 1, C4<0000000000000000000000000000>, C4<0>, C4<0>, C4<0>;
v0x5bd2f39f1d60_0 .net *"_ivl_127", 27 0, L_0x7fc07ce501d0;  1 drivers
L_0x7fc07ce50218 .functor BUFT 1, C4<00000000000000000000000000000110>, C4<0>, C4<0>, C4<0>;
v0x5bd2f39f1e40_0 .net/2u *"_ivl_128", 31 0, L_0x7fc07ce50218;  1 drivers
v0x5bd2f39f1f20_0 .net *"_ivl_130", 0 0, L_0x5bd2f3a212b0;  1 drivers
v0x5bd2f39f1fe0_0 .net *"_ivl_132", 0 0, L_0x5bd2f3a213f0;  1 drivers
v0x5bd2f39f20c0_0 .net *"_ivl_134", 0 0, L_0x5bd2f3a214b0;  1 drivers
v0x5bd2f39f21a0_0 .net *"_ivl_138", 31 0, L_0x5bd2f3a21980;  1 drivers
v0x5bd2f39f2280_0 .net *"_ivl_14", 0 0, L_0x5bd2f3a1cee0;  1 drivers
L_0x7fc07ce50260 .functor BUFT 1, C4<0000000000000000000000000000>, C4<0>, C4<0>, C4<0>;
v0x5bd2f39f2340_0 .net *"_ivl_141", 27 0, L_0x7fc07ce50260;  1 drivers
L_0x7fc07ce502a8 .functor BUFT 1, C4<00000000000000000000000000000001>, C4<0>, C4<0>, C4<0>;
v0x5bd2f39f2420_0 .net/2u *"_ivl_142", 31 0, L_0x7fc07ce502a8;  1 drivers
v0x5bd2f39f2500_0 .net *"_ivl_144", 0 0, L_0x5bd2f3a21a70;  1 drivers
v0x5bd2f39f25c0_0 .net *"_ivl_146", 0 0, L_0x5bd2f3a21d30;  1 drivers
v0x5bd2f39f26a0_0 .net *"_ivl_153", 7 0, L_0x5bd2f3a21f00;  1 drivers
v0x5bd2f39f2780_0 .net *"_ivl_157", 0 0, L_0x5bd2f3a21fa0;  1 drivers
v0x5bd2f39f2860_0 .net *"_ivl_159", 7 0, L_0x5bd2f3a221d0;  1 drivers
v0x5bd2f39f2940_0 .net *"_ivl_16", 0 0, L_0x5bd2f3a1d020;  1 drivers
v0x5bd2f39f2c30_0 .net *"_ivl_161", 7 0, L_0x5bd2f3a22270;  1 drivers
v0x5bd2f39f2d10_0 .net *"_ivl_162", 7 0, L_0x5bd2f3a224b0;  1 drivers
v0x5bd2f39f2df0_0 .net *"_ivl_167", 0 0, L_0x5bd2f3a225f0;  1 drivers
v0x5bd2f39f2ed0_0 .net *"_ivl_169", 7 0, L_0x5bd2f3a22840;  1 drivers
v0x5bd2f39f2fb0_0 .net *"_ivl_171", 7 0, L_0x5bd2f3a228e0;  1 drivers
v0x5bd2f39f3090_0 .net *"_ivl_172", 7 0, L_0x5bd2f3a22b40;  1 drivers
v0x5bd2f39f3170_0 .net *"_ivl_178", 0 0, L_0x5bd2f3a23080;  1 drivers
L_0x7fc07ce4fe70 .functor BUFT 1, C4<00000000000000000000000000000000>, C4<0>, C4<0>, C4<0>;
v0x5bd2f39f3250_0 .net/2u *"_ivl_18", 31 0, L_0x7fc07ce4fe70;  1 drivers
v0x5bd2f39f3330_0 .net *"_ivl_180", 7 0, L_0x5bd2f3a23120;  1 drivers
v0x5bd2f39f3410_0 .net *"_ivl_182", 0 0, L_0x5bd2f3a234b0;  1 drivers
v0x5bd2f39f34f0_0 .net *"_ivl_184", 7 0, L_0x5bd2f3a23550;  1 drivers
v0x5bd2f39f35d0_0 .net *"_ivl_186", 7 0, L_0x5bd2f3a237e0;  1 drivers
v0x5bd2f39f36b0_0 .net *"_ivl_187", 7 0, L_0x5bd2f3a23880;  1 drivers
v0x5bd2f39f3790_0 .net *"_ivl_189", 7 0, L_0x5bd2f3a23c10;  1 drivers
v0x5bd2f39f3870_0 .net *"_ivl_23", 1 0, L_0x5bd2f3a1d270;  1 drivers
L_0x7fc07ce4feb8 .functor BUFT 1, C4<00>, C4<0>, C4<0>, C4<0>;
v0x5bd2f39f3950_0 .net/2u *"_ivl_24", 1 0, L_0x7fc07ce4feb8;  1 drivers
v0x5bd2f39f3a30_0 .net *"_ivl_29", 1 0, L_0x5bd2f3a1d490;  1 drivers
L_0x7fc07ce4fd50 .functor BUFT 1, C4<0000000000000000000000000000>, C4<0>, C4<0>, C4<0>;
v0x5bd2f39f3b10_0 .net *"_ivl_3", 27 0, L_0x7fc07ce4fd50;  1 drivers
L_0x7fc07ce4ff00 .functor BUFT 1, C4<01>, C4<0>, C4<0>, C4<0>;
v0x5bd2f39f3bf0_0 .net/2u *"_ivl_30", 1 0, L_0x7fc07ce4ff00;  1 drivers
v0x5bd2f39f3cd0_0 .net *"_ivl_35", 0 0, L_0x5bd2f3a1d6c0;  1 drivers
v0x5bd2f39f3db0_0 .net *"_ivl_37", 15 0, L_0x5bd2f3a1d810;  1 drivers
v0x5bd2f39f3e90_0 .net *"_ivl_39", 15 0, L_0x5bd2f3a1d8b0;  1 drivers
L_0x7fc07ce4fd98 .functor BUFT 1, C4<00000000000000000000000000000101>, C4<0>, C4<0>, C4<0>;
v0x5bd2f39f3f70_0 .net/2u *"_ivl_4", 31 0, L_0x7fc07ce4fd98;  1 drivers
v0x5bd2f39f4050_0 .net *"_ivl_43", 0 0, L_0x5bd2f3a1db50;  1 drivers
v0x5bd2f39f4130_0 .net *"_ivl_45", 7 0, L_0x5bd2f3a1dc70;  1 drivers
v0x5bd2f39f4210_0 .net *"_ivl_47", 7 0, L_0x5bd2f3a1dd60;  1 drivers
v0x5bd2f39f42f0_0 .net *"_ivl_51", 0 0, L_0x5bd2f3a1e020;  1 drivers
v0x5bd2f39f43d0_0 .net *"_ivl_53", 0 0, L_0x5bd2f3a1e160;  1 drivers
v0x5bd2f39f4490_0 .net *"_ivl_55", 0 0, L_0x5bd2f3a1e250;  1 drivers
v0x5bd2f39f4570_0 .net *"_ivl_57", 0 0, L_0x5bd2f3a1e0c0;  1 drivers
v0x5bd2f39f4650_0 .net *"_ivl_58", 0 0, L_0x5bd2f3a1e3f0;  1 drivers
v0x5bd2f39f4730_0 .net *"_ivl_62", 23 0, L_0x5bd2f3a1e690;  1 drivers
v0x5bd2f39f4c20_0 .net *"_ivl_64", 31 0, L_0x5bd2f3a1e990;  1 drivers
v0x5bd2f39f4d00_0 .net *"_ivl_66", 15 0, L_0x5bd2f3a1eb00;  1 drivers
v0x5bd2f39f4de0_0 .net *"_ivl_68", 31 0, L_0x5bd2f3a1efb0;  1 drivers
v0x5bd2f39f4ec0_0 .net *"_ivl_70", 31 0, L_0x5bd2f3a1f180;  1 drivers
v0x5bd2f39f4fa0_0 .net *"_ivl_75", 0 0, L_0x5bd2f3a1f530;  1 drivers
v0x5bd2f39f5080_0 .net *"_ivl_77", 0 0, L_0x5bd2f3a1f660;  1 drivers
L_0x7fc07ce4ff48 .functor BUFT 1, C4<1000>, C4<0>, C4<0>, C4<0>;
v0x5bd2f39f5160_0 .net/2u *"_ivl_78", 3 0, L_0x7fc07ce4ff48;  1 drivers
v0x5bd2f39f5240_0 .net *"_ivl_8", 31 0, L_0x5bd2f3a1cdf0;  1 drivers
L_0x7fc07ce4ff90 .functor BUFT 1, C4<0100>, C4<0>, C4<0>, C4<0>;
v0x5bd2f39f5320_0 .net/2u *"_ivl_80", 3 0, L_0x7fc07ce4ff90;  1 drivers
v0x5bd2f39f5400_0 .net *"_ivl_82", 3 0, L_0x5bd2f3a1f800;  1 drivers
v0x5bd2f39f54e0_0 .net *"_ivl_85", 0 0, L_0x5bd2f3a1f940;  1 drivers
L_0x7fc07ce4ffd8 .functor BUFT 1, C4<0010>, C4<0>, C4<0>, C4<0>;
v0x5bd2f39f55c0_0 .net/2u *"_ivl_86", 3 0, L_0x7fc07ce4ffd8;  1 drivers
L_0x7fc07ce50020 .functor BUFT 1, C4<0001>, C4<0>, C4<0>, C4<0>;
v0x5bd2f39f56a0_0 .net/2u *"_ivl_88", 3 0, L_0x7fc07ce50020;  1 drivers
v0x5bd2f39f5780_0 .net *"_ivl_90", 3 0, L_0x5bd2f3a1faf0;  1 drivers
v0x5bd2f39f5860_0 .net *"_ivl_92", 3 0, L_0x5bd2f3a1fc80;  1 drivers
v0x5bd2f39f5940_0 .net *"_ivl_95", 0 0, L_0x5bd2f3a1ff30;  1 drivers
L_0x7fc07ce50068 .functor BUFT 1, C4<1100>, C4<0>, C4<0>, C4<0>;
v0x5bd2f39f5a20_0 .net/2u *"_ivl_96", 3 0, L_0x7fc07ce50068;  1 drivers
L_0x7fc07ce500b0 .functor BUFT 1, C4<0011>, C4<0>, C4<0>, C4<0>;
v0x5bd2f39f5b00_0 .net/2u *"_ivl_98", 3 0, L_0x7fc07ce500b0;  1 drivers
v0x5bd2f39f5be0_0 .net "alu_result", 31 0, L_0x5bd2f3a1cad0;  alias, 1 drivers
v0x5bd2f39f5ca0_0 .net "funct3", 2 0, L_0x5bd2f3a0f060;  alias, 1 drivers
v0x5bd2f39f5d40_0 .net "isLtype", 0 0, L_0x5bd2f3a12000;  alias, 1 drivers
v0x5bd2f39f5de0_0 .net "isStype", 0 0, L_0x5bd2f3a11f60;  alias, 1 drivers
v0x5bd2f39f5e80_0 .net "load_store_addr", 31 0, L_0x5bd2f3a1d130;  1 drivers
v0x5bd2f39f5f60_0 .net "load_store_state_flag", 0 0, L_0x5bd2f3a1ccb0;  1 drivers
v0x5bd2f39f6020_0 .net "mem_addr", 31 0, L_0x5bd2f3a215c0;  alias, 1 drivers
v0x5bd2f39f6100_0 .net "mem_byteAccess", 0 0, L_0x5bd2f3a1d350;  1 drivers
v0x5bd2f39f61c0_0 .net "mem_halfwordAccess", 0 0, L_0x5bd2f3a1d580;  1 drivers
v0x5bd2f39f6280_0 .net "mem_rdata", 31 0, o0x7fc07ce9b9a8;  alias, 0 drivers
v0x5bd2f39f6360_0 .net "mem_rstrb", 0 0, L_0x5bd2f3a21df0;  alias, 1 drivers
v0x5bd2f39f6420_0 .net "mem_wdata", 31 0, L_0x5bd2f3a22cd0;  alias, 1 drivers
v0x5bd2f39f6500_0 .net "mem_wstrb", 3 0, L_0x5bd2f3a20ad0;  alias, 1 drivers
v0x5bd2f39f65e0_0 .net "rs2_data", 31 0, v0x5bd2f39fb9a0_0;  1 drivers
v0x5bd2f39f66c0_0 .net "state", 3 0, v0x5bd2f39ecfe0_0;  alias, 1 drivers
v0x5bd2f39f6780_0 .net "wb_data", 31 0, L_0x5bd2f3a1f300;  alias, 1 drivers
L_0x5bd2f3a1cc10 .concat [ 4 28 0 0], v0x5bd2f39ecfe0_0, L_0x7fc07ce4fd50;
L_0x5bd2f3a1ccb0 .cmp/eq 32, L_0x5bd2f3a1cc10, L_0x7fc07ce4fd98;
L_0x5bd2f3a1cdf0 .concat [ 4 28 0 0], v0x5bd2f39ecfe0_0, L_0x7fc07ce4fde0;
L_0x5bd2f3a1cee0 .cmp/eq 32, L_0x5bd2f3a1cdf0, L_0x7fc07ce4fe28;
L_0x5bd2f3a1d130 .functor MUXZ 32, L_0x7fc07ce4fe70, L_0x5bd2f3a1cad0, L_0x5bd2f3a1d020, C4<>;
L_0x5bd2f3a1d270 .part L_0x5bd2f3a0f060, 0, 2;
L_0x5bd2f3a1d350 .cmp/eq 2, L_0x5bd2f3a1d270, L_0x7fc07ce4feb8;
L_0x5bd2f3a1d490 .part L_0x5bd2f3a0f060, 0, 2;
L_0x5bd2f3a1d580 .cmp/eq 2, L_0x5bd2f3a1d490, L_0x7fc07ce4ff00;
L_0x5bd2f3a1d6c0 .part L_0x5bd2f3a1d130, 1, 1;
L_0x5bd2f3a1d810 .part o0x7fc07ce9b9a8, 16, 16;
L_0x5bd2f3a1d8b0 .part o0x7fc07ce9b9a8, 0, 16;
L_0x5bd2f3a1d9c0 .functor MUXZ 16, L_0x5bd2f3a1d8b0, L_0x5bd2f3a1d810, L_0x5bd2f3a1d6c0, C4<>;
L_0x5bd2f3a1db50 .part L_0x5bd2f3a1d130, 0, 1;
L_0x5bd2f3a1dc70 .part L_0x5bd2f3a1d9c0, 8, 8;
L_0x5bd2f3a1dd60 .part L_0x5bd2f3a1d9c0, 0, 8;
L_0x5bd2f3a1de90 .functor MUXZ 8, L_0x5bd2f3a1dd60, L_0x5bd2f3a1dc70, L_0x5bd2f3a1db50, C4<>;
L_0x5bd2f3a1e020 .part L_0x5bd2f3a0f060, 2, 1;
L_0x5bd2f3a1e160 .reduce/nor L_0x5bd2f3a1e020;
L_0x5bd2f3a1e250 .part L_0x5bd2f3a1de90, 7, 1;
L_0x5bd2f3a1e0c0 .part L_0x5bd2f3a1d9c0, 15, 1;
L_0x5bd2f3a1e3f0 .functor MUXZ 1, L_0x5bd2f3a1e0c0, L_0x5bd2f3a1e250, L_0x5bd2f3a1d350, C4<>;
LS_0x5bd2f3a1e690_0_0 .concat [ 1 1 1 1], L_0x5bd2f3a1d950, L_0x5bd2f3a1d950, L_0x5bd2f3a1d950, L_0x5bd2f3a1d950;
LS_0x5bd2f3a1e690_0_4 .concat [ 1 1 1 1], L_0x5bd2f3a1d950, L_0x5bd2f3a1d950, L_0x5bd2f3a1d950, L_0x5bd2f3a1d950;
LS_0x5bd2f3a1e690_0_8 .concat [ 1 1 1 1], L_0x5bd2f3a1d950, L_0x5bd2f3a1d950, L_0x5bd2f3a1d950, L_0x5bd2f3a1d950;
LS_0x5bd2f3a1e690_0_12 .concat [ 1 1 1 1], L_0x5bd2f3a1d950, L_0x5bd2f3a1d950, L_0x5bd2f3a1d950, L_0x5bd2f3a1d950;
LS_0x5bd2f3a1e690_0_16 .concat [ 1 1 1 1], L_0x5bd2f3a1d950, L_0x5bd2f3a1d950, L_0x5bd2f3a1d950, L_0x5bd2f3a1d950;
LS_0x5bd2f3a1e690_0_20 .concat [ 1 1 1 1], L_0x5bd2f3a1d950, L_0x5bd2f3a1d950, L_0x5bd2f3a1d950, L_0x5bd2f3a1d950;
LS_0x5bd2f3a1e690_1_0 .concat [ 4 4 4 4], LS_0x5bd2f3a1e690_0_0, LS_0x5bd2f3a1e690_0_4, LS_0x5bd2f3a1e690_0_8, LS_0x5bd2f3a1e690_0_12;
LS_0x5bd2f3a1e690_1_4 .concat [ 4 4 0 0], LS_0x5bd2f3a1e690_0_16, LS_0x5bd2f3a1e690_0_20;
L_0x5bd2f3a1e690 .concat [ 16 8 0 0], LS_0x5bd2f3a1e690_1_0, LS_0x5bd2f3a1e690_1_4;
L_0x5bd2f3a1e990 .concat [ 8 24 0 0], L_0x5bd2f3a1de90, L_0x5bd2f3a1e690;
LS_0x5bd2f3a1eb00_0_0 .concat [ 1 1 1 1], L_0x5bd2f3a1d950, L_0x5bd2f3a1d950, L_0x5bd2f3a1d950, L_0x5bd2f3a1d950;
LS_0x5bd2f3a1eb00_0_4 .concat [ 1 1 1 1], L_0x5bd2f3a1d950, L_0x5bd2f3a1d950, L_0x5bd2f3a1d950, L_0x5bd2f3a1d950;
LS_0x5bd2f3a1eb00_0_8 .concat [ 1 1 1 1], L_0x5bd2f3a1d950, L_0x5bd2f3a1d950, L_0x5bd2f3a1d950, L_0x5bd2f3a1d950;
LS_0x5bd2f3a1eb00_0_12 .concat [ 1 1 1 1], L_0x5bd2f3a1d950, L_0x5bd2f3a1d950, L_0x5bd2f3a1d950, L_0x5bd2f3a1d950;
L_0x5bd2f3a1eb00 .concat [ 4 4 4 4], LS_0x5bd2f3a1eb00_0_0, LS_0x5bd2f3a1eb00_0_4, LS_0x5bd2f3a1eb00_0_8, LS_0x5bd2f3a1eb00_0_12;
L_0x5bd2f3a1efb0 .concat [ 16 16 0 0], L_0x5bd2f3a1d9c0, L_0x5bd2f3a1eb00;
L_0x5bd2f3a1f180 .functor MUXZ 32, o0x7fc07ce9b9a8, L_0x5bd2f3a1efb0, L_0x5bd2f3a1d580, C4<>;
L_0x5bd2f3a1f300 .functor MUXZ 32, L_0x5bd2f3a1f180, L_0x5bd2f3a1e990, L_0x5bd2f3a1d350, C4<>;
L_0x5bd2f3a1f530 .part L_0x5bd2f3a1d130, 1, 1;
L_0x5bd2f3a1f660 .part L_0x5bd2f3a1d130, 0, 1;
L_0x5bd2f3a1f800 .functor MUXZ 4, L_0x7fc07ce4ff90, L_0x7fc07ce4ff48, L_0x5bd2f3a1f660, C4<>;
L_0x5bd2f3a1f940 .part L_0x5bd2f3a1d130, 0, 1;
L_0x5bd2f3a1faf0 .functor MUXZ 4, L_0x7fc07ce50020, L_0x7fc07ce4ffd8, L_0x5bd2f3a1f940, C4<>;
L_0x5bd2f3a1fc80 .functor MUXZ 4, L_0x5bd2f3a1faf0, L_0x5bd2f3a1f800, L_0x5bd2f3a1f530, C4<>;
L_0x5bd2f3a1ff30 .part L_0x5bd2f3a1d130, 1, 1;
L_0x5bd2f3a1ffd0 .functor MUXZ 4, L_0x7fc07ce500b0, L_0x7fc07ce50068, L_0x5bd2f3a1ff30, C4<>;
L_0x5bd2f3a201a0 .functor MUXZ 4, L_0x7fc07ce500f8, L_0x5bd2f3a1ffd0, L_0x5bd2f3a1d580, C4<>;
L_0x5bd2f3a202e0 .functor MUXZ 4, L_0x5bd2f3a201a0, L_0x5bd2f3a1fc80, L_0x5bd2f3a1d350, C4<>;
L_0x5bd2f3a205a0 .concat [ 4 28 0 0], v0x5bd2f39ecfe0_0, L_0x7fc07ce50140;
L_0x5bd2f3a20690 .cmp/eq 32, L_0x5bd2f3a205a0, L_0x7fc07ce50188;
L_0x5bd2f3a209e0 .concat [ 1 1 1 1], L_0x5bd2f3a20920, L_0x5bd2f3a20920, L_0x5bd2f3a20920, L_0x5bd2f3a20920;
L_0x5bd2f3a20c50 .concat [ 4 28 0 0], v0x5bd2f39ecfe0_0, L_0x7fc07ce501d0;
L_0x5bd2f3a212b0 .cmp/eq 32, L_0x5bd2f3a20c50, L_0x7fc07ce50218;
L_0x5bd2f3a215c0 .functor MUXZ 32, L_0x5bd2f3a1cad0, L_0x5bd2f3a1d130, L_0x5bd2f3a214b0, C4<>;
L_0x5bd2f3a21980 .concat [ 4 28 0 0], v0x5bd2f39ecfe0_0, L_0x7fc07ce50260;
L_0x5bd2f3a21a70 .cmp/eq 32, L_0x5bd2f3a21980, L_0x7fc07ce502a8;
L_0x5bd2f3a21f00 .part v0x5bd2f39fb9a0_0, 0, 8;
L_0x5bd2f3a21fa0 .part L_0x5bd2f3a1d130, 0, 1;
L_0x5bd2f3a221d0 .part v0x5bd2f39fb9a0_0, 0, 8;
L_0x5bd2f3a22270 .part v0x5bd2f39fb9a0_0, 8, 8;
L_0x5bd2f3a224b0 .functor MUXZ 8, L_0x5bd2f3a22270, L_0x5bd2f3a221d0, L_0x5bd2f3a21fa0, C4<>;
L_0x5bd2f3a225f0 .part L_0x5bd2f3a1d130, 1, 1;
L_0x5bd2f3a22840 .part v0x5bd2f39fb9a0_0, 0, 8;
L_0x5bd2f3a228e0 .part v0x5bd2f39fb9a0_0, 16, 8;
L_0x5bd2f3a22b40 .functor MUXZ 8, L_0x5bd2f3a228e0, L_0x5bd2f3a22840, L_0x5bd2f3a225f0, C4<>;
L_0x5bd2f3a22cd0 .concat8 [ 8 8 8 8], L_0x5bd2f3a21f00, L_0x5bd2f3a224b0, L_0x5bd2f3a22b40, L_0x5bd2f3a23c10;
L_0x5bd2f3a23080 .part L_0x5bd2f3a1d130, 0, 1;
L_0x5bd2f3a23120 .part v0x5bd2f39fb9a0_0, 0, 8;
L_0x5bd2f3a234b0 .part L_0x5bd2f3a1d130, 1, 1;
L_0x5bd2f3a23550 .part v0x5bd2f39fb9a0_0, 8, 8;
L_0x5bd2f3a237e0 .part v0x5bd2f39fb9a0_0, 24, 8;
L_0x5bd2f3a23880 .functor MUXZ 8, L_0x5bd2f3a237e0, L_0x5bd2f3a23550, L_0x5bd2f3a234b0, C4<>;
L_0x5bd2f3a23c10 .functor MUXZ 8, L_0x5bd2f3a23880, L_0x5bd2f3a23120, L_0x5bd2f3a23080, C4<>;
S_0x5bd2f39f69c0 .scope module, "pc_u" "pc_unit" 2 53, 7 1 0, S_0x5bd2f39d0bb0;
 .timescale 0 0;
    .port_info 0 /INPUT 1 "clk";
    .port_info 1 /INPUT 1 "rst";
    .port_info 2 /INPUT 4 "state";
    .port_info 3 /INPUT 1 "isBtype";
    .port_info 4 /INPUT 1 "isJAL";
    .port_info 5 /INPUT 1 "isJALR";
    .port_info 6 /INPUT 1 "take_branch";
    .port_info 7 /INPUT 32 "imm_B";
    .port_info 8 /INPUT 32 "imm_J";
    .port_info 9 /INPUT 32 "imm_U";
    .port_info 10 /INPUT 32 "alu_result";
    .port_info 11 /OUTPUT 32 "pc";
    .port_info 12 /OUTPUT 32 "pc_plus_4";
    .port_info 13 /OUTPUT 32 "pc_plus_imm";
P_0x5bd2f39d07c0 .param/l "EXECUTE" 0 7 14, +C4<00000000000000000000000000000100>;
P_0x5bd2f39d0800 .param/l "RESET" 0 7 14, +C4<00000000000000000000000000000000>;
L_0x5bd2f39d15b0 .functor AND 1, L_0x5bd2f3a11bd0, L_0x5bd2f3a17a80, C4<1>, C4<1>;
L_0x5bd2f39cfb20 .functor OR 1, L_0x5bd2f39d15b0, L_0x5bd2f3a11db0, C4<0>, C4<0>;
L_0x7fc07ce4f018 .functor BUFT 1, C4<00000000000000000000000000000100>, C4<0>, C4<0>, C4<0>;
v0x5bd2f39f6e20_0 .net/2u *"_ivl_0", 31 0, L_0x7fc07ce4f018;  1 drivers
v0x5bd2f39f6f20_0 .net *"_ivl_10", 0 0, L_0x5bd2f39d15b0;  1 drivers
v0x5bd2f39f7000_0 .net *"_ivl_12", 0 0, L_0x5bd2f39cfb20;  1 drivers
v0x5bd2f39f70f0_0 .net *"_ivl_14", 31 0, L_0x5bd2f3a0ec20;  1 drivers
v0x5bd2f39f71d0_0 .net *"_ivl_4", 31 0, L_0x5bd2f3a0e830;  1 drivers
v0x5bd2f39f7300_0 .net *"_ivl_6", 31 0, L_0x5bd2f3a0e960;  1 drivers
v0x5bd2f39f73e0_0 .net "alu_result", 31 0, L_0x5bd2f3a1cad0;  alias, 1 drivers
v0x5bd2f39f74f0_0 .net "clk", 0 0, o0x7fc07ce99a28;  alias, 0 drivers
v0x5bd2f39f7590_0 .net "imm_B", 31 0, L_0x5bd2f3a0ffd0;  alias, 1 drivers
v0x5bd2f39f7630_0 .net "imm_J", 31 0, L_0x5bd2f3a11250;  alias, 1 drivers
v0x5bd2f39f7700_0 .net "imm_U", 31 0, L_0x5bd2f3a11610;  alias, 1 drivers
v0x5bd2f39f77d0_0 .net "isBtype", 0 0, L_0x5bd2f3a11bd0;  alias, 1 drivers
v0x5bd2f39f78a0_0 .net "isJAL", 0 0, L_0x5bd2f3a11db0;  alias, 1 drivers
v0x5bd2f39f7940_0 .net "isJALR", 0 0, L_0x5bd2f3a12220;  alias, 1 drivers
v0x5bd2f39f79e0_0 .net "next_pc", 31 0, L_0x5bd2f3a0ed50;  1 drivers
v0x5bd2f39f7a80_0 .var "pc", 31 0;
v0x5bd2f39f7b60_0 .net "pc_plus_4", 31 0, L_0x5bd2f3a0e6d0;  alias, 1 drivers
v0x5bd2f39f7c40_0 .net "pc_plus_imm", 31 0, L_0x5bd2f3a0ea00;  alias, 1 drivers
v0x5bd2f39f7d20_0 .net "rst", 0 0, o0x7fc07ce99ab8;  alias, 0 drivers
v0x5bd2f39f7dc0_0 .net "state", 3 0, v0x5bd2f39ecfe0_0;  alias, 1 drivers
v0x5bd2f39f7eb0_0 .net "take_branch", 0 0, L_0x5bd2f3a17a80;  alias, 1 drivers
L_0x5bd2f3a0e6d0 .arith/sum 32, v0x5bd2f39f7a80_0, L_0x7fc07ce4f018;
L_0x5bd2f3a0e830 .functor MUXZ 32, L_0x5bd2f3a11610, L_0x5bd2f3a11250, L_0x5bd2f3a11db0, C4<>;
L_0x5bd2f3a0e960 .functor MUXZ 32, L_0x5bd2f3a0e830, L_0x5bd2f3a0ffd0, L_0x5bd2f3a11bd0, C4<>;
L_0x5bd2f3a0ea00 .arith/sum 32, v0x5bd2f39f7a80_0, L_0x5bd2f3a0e960;
L_0x5bd2f3a0ec20 .functor MUXZ 32, L_0x5bd2f3a0e6d0, L_0x5bd2f3a1cad0, L_0x5bd2f3a12220, C4<>;
L_0x5bd2f3a0ed50 .functor MUXZ 32, L_0x5bd2f3a0ec20, L_0x5bd2f3a0ea00, L_0x5bd2f39cfb20, C4<>;
S_0x5bd2f39f80f0 .scope module, "rf" "regfile" 2 95, 8 1 0, S_0x5bd2f39d0bb0;
 .timescale 0 0;
    .port_info 0 /INPUT 1 "clk";
    .port_info 1 /INPUT 1 "rst";
    .port_info 2 /INPUT 5 "rs1_addr";
    .port_info 3 /INPUT 5 "rs2_addr";
    .port_info 4 /INPUT 5 "rd_addr";
    .port_info 5 /INPUT 32 "wr_data";
    .port_info 6 /INPUT 1 "wr_en";
    .port_info 7 /OUTPUT 32 "rs1_data";
    .port_info 8 /OUTPUT 32 "rs2_data";
L_0x5bd2f3a13d20 .functor BUFZ 32, L_0x5bd2f3a13b00, C4<00000000000000000000000000000000>, C4<00000000000000000000000000000000>, C4<00000000000000000000000000000000>;
L_0x5bd2f3a14050 .functor BUFZ 32, L_0x5bd2f3a13e30, C4<00000000000000000000000000000000>, C4<00000000000000000000000000000000>, C4<00000000000000000000000000000000>;
v0x5bd2f39f8400_0 .net *"_ivl_0", 31 0, L_0x5bd2f3a13b00;  1 drivers
v0x5bd2f39f8500_0 .net *"_ivl_10", 6 0, L_0x5bd2f3a13ed0;  1 drivers
L_0x7fc07ce4f5b8 .functor BUFT 1, C4<00>, C4<0>, C4<0>, C4<0>;
v0x5bd2f39f85e0_0 .net *"_ivl_13", 1 0, L_0x7fc07ce4f5b8;  1 drivers
v0x5bd2f39f86d0_0 .net *"_ivl_2", 6 0, L_0x5bd2f3a13ba0;  1 drivers
L_0x7fc07ce4f570 .functor BUFT 1, C4<00>, C4<0>, C4<0>, C4<0>;
v0x5bd2f39f87b0_0 .net *"_ivl_5", 1 0, L_0x7fc07ce4f570;  1 drivers
v0x5bd2f39f88e0_0 .net *"_ivl_8", 31 0, L_0x5bd2f3a13e30;  1 drivers
v0x5bd2f39f89c0_0 .net "clk", 0 0, o0x7fc07ce99a28;  alias, 0 drivers
v0x5bd2f39f8ab0_0 .var/i "i", 31 0;
v0x5bd2f39f8b90_0 .net "rd_addr", 4 0, L_0x5bd2f3a0efc0;  alias, 1 drivers
v0x5bd2f39f8c50 .array "registers", 31 0, 31 0;
v0x5bd2f39f8cf0_0 .net "rs1_addr", 4 0, L_0x5bd2f3a0f2f0;  alias, 1 drivers
v0x5bd2f39f8db0_0 .net "rs1_data", 31 0, L_0x5bd2f3a13d20;  alias, 1 drivers
v0x5bd2f39f8e70_0 .net "rs2_addr", 4 0, L_0x5bd2f3a0f390;  alias, 1 drivers
v0x5bd2f39f8f60_0 .net "rs2_data", 31 0, L_0x5bd2f3a14050;  alias, 1 drivers
v0x5bd2f39f9020_0 .net "rst", 0 0, o0x7fc07ce99ab8;  alias, 0 drivers
v0x5bd2f39f90c0_0 .net "wr_data", 31 0, L_0x5bd2f3a13970;  alias, 1 drivers
v0x5bd2f39f91a0_0 .net "wr_en", 0 0, L_0x5bd2f3a13070;  alias, 1 drivers
L_0x5bd2f3a13b00 .array/port v0x5bd2f39f8c50, L_0x5bd2f3a13ba0;
L_0x5bd2f3a13ba0 .concat [ 5 2 0 0], L_0x5bd2f3a0f2f0, L_0x7fc07ce4f570;
L_0x5bd2f3a13e30 .array/port v0x5bd2f39f8c50, L_0x5bd2f3a13ed0;
L_0x5bd2f3a13ed0 .concat [ 5 2 0 0], L_0x5bd2f3a0f390, L_0x7fc07ce4f5b8;
S_0x5bd2f3992080 .scope module, "progmem" "progmem" 9 1;
 .timescale 0 0;
    .port_info 0 /INPUT 1 "rst";
    .port_info 1 /INPUT 1 "clk";
    .port_info 2 /INPUT 32 "addr";
    .port_info 3 /INPUT 32 "data_in";
    .port_info 4 /INPUT 1 "rd_strobe";
    .port_info 5 /INPUT 4 "wr_strobe";
    .port_info 6 /OUTPUT 32 "data_out";
P_0x5bd2f393d030 .param/l "MEM_SIZE" 0 9 9, +C4<00000000000000000000010000000000>;
v0x5bd2f39fddc0 .array "PROGMEM", 1023 0, 31 0;
o0x7fc07ce9ce18 .functor BUFZ 32, C4<zzzzzzzzzzzzzzzzzzzzzzzzzzzzzzzz>; HiZ drive
v0x5bd2f39fdea0_0 .net "addr", 31 0, o0x7fc07ce9ce18;  0 drivers
o0x7fc07ce9ce48 .functor BUFZ 1, C4<z>; HiZ drive
v0x5bd2f39fdf80_0 .net "clk", 0 0, o0x7fc07ce9ce48;  0 drivers
o0x7fc07ce9ce78 .functor BUFZ 32, C4<zzzzzzzzzzzzzzzzzzzzzzzzzzzzzzzz>; HiZ drive
v0x5bd2f39fe020_0 .net "data_in", 31 0, o0x7fc07ce9ce78;  0 drivers
v0x5bd2f39fe100_0 .var "data_out", 31 0;
v0x5bd2f39fe1e0_0 .net "mem_loc", 29 0, L_0x5bd2f3a24780;  1 drivers
o0x7fc07ce9cf08 .functor BUFZ 1, C4<z>; HiZ drive
v0x5bd2f39fe2c0_0 .net "rd_strobe", 0 0, o0x7fc07ce9cf08;  0 drivers
o0x7fc07ce9cf38 .functor BUFZ 1, C4<z>; HiZ drive
v0x5bd2f39fe380_0 .net "rst", 0 0, o0x7fc07ce9cf38;  0 drivers
o0x7fc07ce9cf68 .functor BUFZ 4, C4<zzzz>; HiZ drive
v0x5bd2f39fe440_0 .net "wr_strobe", 3 0, o0x7fc07ce9cf68;  0 drivers
E_0x5bd2f3914b50 .event posedge, v0x5bd2f39fdf80_0;
L_0x5bd2f3a24780 .part o0x7fc07ce9ce18, 2, 30;
    .scope S_0x5bd2f39ec410;
T_0 ;
    %pushi/vec4 0, 0, 4;
    %store/vec4 v0x5bd2f39ecfe0_0, 0, 4;
    %end;
    .thread T_0;
    .scope S_0x5bd2f39ec410;
T_1 ;
    %wait E_0x5bd2f392b410;
    %load/vec4 v0x5bd2f39ecf40_0;
    %flag_set/vec4 8;
    %jmp/0xz  T_1.0, 8;
    %pushi/vec4 0, 0, 4;
    %assign/vec4 v0x5bd2f39ecfe0_0, 0;
    %jmp T_1.1;
T_1.0 ;
    %load/vec4 v0x5bd2f39ecfe0_0;
    %dup/vec4;
    %pushi/vec4 0, 0, 4;
    %cmp/u;
    %jmp/1 T_1.2, 6;
    %dup/vec4;
    %pushi/vec4 1, 0, 4;
    %cmp/u;
    %jmp/1 T_1.3, 6;
    %dup/vec4;
    %pushi/vec4 2, 0, 4;
    %cmp/u;
    %jmp/1 T_1.4, 6;
    %dup/vec4;
    %pushi/vec4 3, 0, 4;
    %cmp/u;
    %jmp/1 T_1.5, 6;
    %dup/vec4;
    %pushi/vec4 4, 0, 4;
    %cmp/u;
    %jmp/1 T_1.6, 6;
    %dup/vec4;
    %pushi/vec4 5, 0, 4;
    %cmp/u;
    %jmp/1 T_1.7, 6;
    %dup/vec4;
    %pushi/vec4 6, 0, 4;
    %cmp/u;
    %jmp/1 T_1.8, 6;
    %dup/vec4;
    %pushi/vec4 7, 0, 4;
    %cmp/u;
    %jmp/1 T_1.9, 6;
    %pushi/vec4 0, 0, 4;
    %assign/vec4 v0x5bd2f39ecfe0_0, 0;
    %jmp T_1.11;
T_1.2 ;
    %pushi/vec4 1, 0, 4;
    %assign/vec4 v0x5bd2f39ecfe0_0, 0;
    %jmp T_1.11;
T_1.3 ;
    %pushi/vec4 2, 0, 4;
    %assign/vec4 v0x5bd2f39ecfe0_0, 0;
    %jmp T_1.11;
T_1.4 ;
    %pushi/vec4 3, 0, 4;
    %assign/vec4 v0x5bd2f39ecfe0_0, 0;
    %jmp T_1.11;
T_1.5 ;
    %load/vec4 v0x5bd2f39ecea0_0;
    %inv;
    %flag_set/vec4 8;
    %jmp/0 T_1.12, 8;
    %pushi/vec4 4, 0, 32;
    %jmp/1 T_1.13, 8;
T_1.12 ; End of true expr.
    %pushi/vec4 7, 0, 32;
    %jmp/0 T_1.13, 8;
 ; End of false expr.
    %blend;
T_1.13;
    %pad/s 4;
    %assign/vec4 v0x5bd2f39ecfe0_0, 0;
    %jmp T_1.11;
T_1.6 ;
    %load/vec4 v0x5bd2f39ecdb0_0;
    %load/vec4 v0x5bd2f39ecce0_0;
    %or;
    %load/vec4 v0x5bd2f39ecb20_0;
    %or;
    %load/vec4 v0x5bd2f39ecbe0_0;
    %or;
    %nor/r;
    %flag_set/vec4 8;
    %jmp/0 T_1.14, 8;
    %pushi/vec4 1, 0, 32;
    %jmp/1 T_1.15, 8;
T_1.14 ; End of true expr.
    %pushi/vec4 5, 0, 32;
    %jmp/0 T_1.15, 8;
 ; End of false expr.
    %blend;
T_1.15;
    %pad/s 4;
    %assign/vec4 v0x5bd2f39ecfe0_0, 0;
    %jmp T_1.11;
T_1.7 ;
    %pushi/vec4 6, 0, 4;
    %assign/vec4 v0x5bd2f39ecfe0_0, 0;
    %jmp T_1.11;
T_1.8 ;
    %pushi/vec4 1, 0, 4;
    %assign/vec4 v0x5bd2f39ecfe0_0, 0;
    %jmp T_1.11;
T_1.9 ;
    %pushi/vec4 7, 0, 4;
    %assign/vec4 v0x5bd2f39ecfe0_0, 0;
    %jmp T_1.11;
T_1.11 ;
    %pop/vec4 1;
T_1.1 ;
    %jmp T_1;
    .thread T_1;
    .scope S_0x5bd2f39f69c0;
T_2 ;
    %wait E_0x5bd2f392b410;
    %load/vec4 v0x5bd2f39f7d20_0;
    %flag_set/vec4 8;
    %jmp/0xz  T_2.0, 8;
    %pushi/vec4 0, 0, 32;
    %assign/vec4 v0x5bd2f39f7a80_0, 0;
    %jmp T_2.1;
T_2.0 ;
    %load/vec4 v0x5bd2f39f7dc0_0;
    %pad/u 32;
    %cmpi/e 4, 0, 32;
    %jmp/0xz  T_2.2, 4;
    %load/vec4 v0x5bd2f39f79e0_0;
    %assign/vec4 v0x5bd2f39f7a80_0, 0;
T_2.2 ;
T_2.1 ;
    %jmp T_2;
    .thread T_2;
    .scope S_0x5bd2f39f80f0;
T_3 ;
    %pushi/vec4 0, 0, 32;
    %store/vec4 v0x5bd2f39f8ab0_0, 0, 32;
T_3.0 ;
    %load/vec4 v0x5bd2f39f8ab0_0;
    %cmpi/s 32, 0, 32;
    %jmp/0xz T_3.1, 5;
    %pushi/vec4 0, 0, 32;
    %ix/getv/s 4, v0x5bd2f39f8ab0_0;
    %store/vec4a v0x5bd2f39f8c50, 4, 0;
    %load/vec4 v0x5bd2f39f8ab0_0;
    %addi 1, 0, 32;
    %store/vec4 v0x5bd2f39f8ab0_0, 0, 32;
    %jmp T_3.0;
T_3.1 ;
    %end;
    .thread T_3;
    .scope S_0x5bd2f39f80f0;
T_4 ;
    %wait E_0x5bd2f392b410;
    %load/vec4 v0x5bd2f39f91a0_0;
    %load/vec4 v0x5bd2f39f8b90_0;
    %pad/u 32;
    %pushi/vec4 0, 0, 32;
    %cmp/ne;
    %flag_get/vec4 4;
    %and;
    %flag_set/vec4 8;
    %jmp/0xz  T_4.0, 8;
    %load/vec4 v0x5bd2f39f90c0_0;
    %load/vec4 v0x5bd2f39f8b90_0;
    %pad/u 7;
    %ix/vec4 3;
    %ix/load 4, 0, 0; Constant delay
    %assign/vec4/a/d v0x5bd2f39f8c50, 0, 4;
T_4.0 ;
    %jmp T_4;
    .thread T_4;
    .scope S_0x5bd2f39d0bb0;
T_5 ;
    %wait E_0x5bd2f392b410;
    %load/vec4 v0x5bd2f39fd8c0_0;
    %flag_set/vec4 8;
    %jmp/0xz  T_5.0, 8;
    %pushi/vec4 0, 0, 32;
    %assign/vec4 v0x5bd2f39fc040_0, 0;
    %jmp T_5.1;
T_5.0 ;
    %load/vec4 v0x5bd2f39fd960_0;
    %pad/u 32;
    %cmpi/e 2, 0, 32;
    %jmp/0xz  T_5.2, 4;
    %load/vec4 v0x5bd2f39fca50_0;
    %assign/vec4 v0x5bd2f39fc040_0, 0;
T_5.2 ;
T_5.1 ;
    %jmp T_5;
    .thread T_5;
    .scope S_0x5bd2f39d0bb0;
T_6 ;
    %wait E_0x5bd2f392b410;
    %load/vec4 v0x5bd2f39fd960_0;
    %pad/u 32;
    %cmpi/e 3, 0, 32;
    %jmp/0xz  T_6.0, 4;
    %load/vec4 v0x5bd2f39fd550_0;
    %assign/vec4 v0x5bd2f39fb8b0_0, 0;
    %load/vec4 v0x5bd2f39fd5f0_0;
    %assign/vec4 v0x5bd2f39fb9a0_0, 0;
T_6.0 ;
    %jmp T_6;
    .thread T_6;
    .scope S_0x5bd2f39d0bb0;
T_7 ;
    %wait E_0x5bd2f392b410;
    %load/vec4 v0x5bd2f39fd8c0_0;
    %flag_set/vec4 8;
    %jmp/0xz  T_7.0, 8;
    %pushi/vec4 0, 0, 32;
    %assign/vec4 v0x5bd2f39fb7d0_0, 0;
    %jmp T_7.1;
T_7.0 ;
    %load/vec4 v0x5bd2f39fd960_0;
    %pad/u 32;
    %cmpi/ne 7, 0, 32;
    %jmp/0xz  T_7.2, 4;
    %load/vec4 v0x5bd2f39fb7d0_0;
    %addi 1, 0, 32;
    %assign/vec4 v0x5bd2f39fb7d0_0, 0;
T_7.2 ;
T_7.1 ;
    %jmp T_7;
    .thread T_7;
    .scope S_0x5bd2f3992080;
T_8 ;
    %vpi_call 9 15 "$readmemh", "firmware.hex", v0x5bd2f39fddc0 {0 0 0};
    %end;
    .thread T_8;
    .scope S_0x5bd2f3992080;
T_9 ;
    %wait E_0x5bd2f3914b50;
    %load/vec4 v0x5bd2f39fe380_0;
    %flag_set/vec4 8;
    %jmp/0xz  T_9.0, 8;
    %pushi/vec4 0, 0, 32;
    %assign/vec4 v0x5bd2f39fe100_0, 0;
    %jmp T_9.1;
T_9.0 ;
    %load/vec4 v0x5bd2f39fe2c0_0;
    %flag_set/vec4 8;
    %jmp/0xz  T_9.2, 8;
    %ix/getv 4, v0x5bd2f39fe1e0_0;
    %load/vec4a v0x5bd2f39fddc0, 4;
    %assign/vec4 v0x5bd2f39fe100_0, 0;
T_9.2 ;
T_9.1 ;
    %jmp T_9;
    .thread T_9;
    .scope S_0x5bd2f3992080;
T_10 ;
    %wait E_0x5bd2f3914b50;
    %load/vec4 v0x5bd2f39fe440_0;
    %parti/s 1, 0, 2;
    %flag_set/vec4 8;
    %jmp/0xz  T_10.0, 8;
    %load/vec4 v0x5bd2f39fe020_0;
    %parti/s 8, 0, 2;
    %ix/getv 3, v0x5bd2f39fe1e0_0;
    %ix/load 4, 0, 0; Constant delay
    %assign/vec4/a/d v0x5bd2f39fddc0, 0, 4;
T_10.0 ;
    %load/vec4 v0x5bd2f39fe440_0;
    %parti/s 1, 1, 2;
    %flag_set/vec4 8;
    %jmp/0xz  T_10.2, 8;
    %load/vec4 v0x5bd2f39fe020_0;
    %parti/s 8, 8, 5;
    %ix/getv 3, v0x5bd2f39fe1e0_0;
    %ix/load 4, 8, 0; part off
    %ix/load 5, 0, 0; Constant delay
    %assign/vec4/a/d v0x5bd2f39fddc0, 4, 5;
T_10.2 ;
    %load/vec4 v0x5bd2f39fe440_0;
    %parti/s 1, 2, 3;
    %flag_set/vec4 8;
    %jmp/0xz  T_10.4, 8;
    %load/vec4 v0x5bd2f39fe020_0;
    %parti/s 8, 16, 6;
    %ix/getv 3, v0x5bd2f39fe1e0_0;
    %ix/load 4, 16, 0; part off
    %ix/load 5, 0, 0; Constant delay
    %assign/vec4/a/d v0x5bd2f39fddc0, 4, 5;
T_10.4 ;
    %load/vec4 v0x5bd2f39fe440_0;
    %parti/s 1, 3, 3;
    %flag_set/vec4 8;
    %jmp/0xz  T_10.6, 8;
    %load/vec4 v0x5bd2f39fe020_0;
    %parti/s 8, 24, 6;
    %ix/getv 3, v0x5bd2f39fe1e0_0;
    %ix/load 4, 24, 0; part off
    %ix/load 5, 0, 0; Constant delay
    %assign/vec4/a/d v0x5bd2f39fddc0, 4, 5;
T_10.6 ;
    %jmp T_10;
    .thread T_10;
# The file index is used to find the file name in the following table.
:file_names 10;
    "N/A";
    "<interactive>";
    "cpu.v";
    "alu.v";
    "control.v";
    "decoder.v";
    "lsu.v";
    "pc_unit.v";
    "regfile.v";
    "progmem.v";
