#! /usr/bin/vvp
:ivl_version "11.0 (stable)";
:ivl_delay_selection "TYPICAL";
:vpi_time_precision + 0;
:vpi_module "/usr/lib/x86_64-linux-gnu/ivl/system.vpi";
:vpi_module "/usr/lib/x86_64-linux-gnu/ivl/vhdl_sys.vpi";
:vpi_module "/usr/lib/x86_64-linux-gnu/ivl/vhdl_textio.vpi";
:vpi_module "/usr/lib/x86_64-linux-gnu/ivl/v2005_math.vpi";
:vpi_module "/usr/lib/x86_64-linux-gnu/ivl/va_math.vpi";
S_0x59383b68ddc0 .scope module, "xorgate" "xorgate" 2 1;
 .timescale 0 0;
    .port_info 0 /INPUT 1 "in1";
    .port_info 1 /INPUT 1 "in2";
    .port_info 2 /OUTPUT 1 "out1";
o0x7541110e8018 .functor BUFZ 1, C4<z>; HiZ drive
o0x7541110e8048 .functor BUFZ 1, C4<z>; HiZ drive
L_0x59383b6d4060 .functor XOR 1, o0x7541110e8018, o0x7541110e8048, C4<0>, C4<0>;
v0x59383b68fba0_0 .net "in1", 0 0, o0x7541110e8018;  0 drivers
v0x59383b6d3e80_0 .net "in2", 0 0, o0x7541110e8048;  0 drivers
v0x59383b6d3f40_0 .net "out1", 0 0, L_0x59383b6d4060;  1 drivers
# The file index is used to find the file name in the following table.
:file_names 3;
    "N/A";
    "<interactive>";
    "xorgate.v";
